tests/test_organism_live_engine.py::TestOrganismLiveEngine::test_initialize_fresh
tests/test_organism_live_engine.py::TestOrganismLiveEngine::test_live_tick_runs
tests/test_organism_live_engine.py::TestOrganismLiveEngine::test_live_tick_governance_halt
tests/test_organism_live_engine.py::TestOrganismLiveEngine::test_status
tests/test_organism_live_engine.py::TestOrganismLiveEngine::test_shutdown_saves_brain
tests/test_organism_live_engine.py::TestOrganismLiveEngine::test_multiple_ticks
tests/test_organism_live_engine.py::TestOrganismLiveEngine::test_tick_result_dict
tests/test_organism_live_engine.py::TestOrganismScheduler::test_start_stop
tests/test_organism_live_engine.py::TestOrganismScheduler::test_state
tests/test_organism_live_engine.py::TestOrganismScheduler::test_double_start
tests/test_organism_live_engine.py::TestOrganismScheduler::test_passes_sessionmaker_to_live_engine
tests/test_organism_live_engine.py::TestFillReconciliation::test_position_close_without_fill_evidence_remains_pending
tests/test_organism_live_engine.py::TestPositionReconstruction::test_reconstructs_existing_positions
tests/test_organism_live_engine.py::TestPositionReconstruction::test_reconstruction_fallback_when_no_data
tests/test_organism_live_engine.py::TestPositionReconstruction::test_safety_net_triggers_without_exit_levels
tests/test_organism_live_engine.py::TestWalkForwardGate::test_gate_passes_with_good_performance
tests/test_organism_live_engine.py::TestWalkForwardGate::test_gate_fails_on_regression
tests/test_organism_live_engine.py::TestWalkForwardGate::test_gate_passes_with_no_baseline
tests/test_organism_live_engine.py::TestWalkForwardGate::test_gate_passes_with_insufficient_trades
tests/test_organism_live_engine.py::TestMultiRunRegression::test_brain_persistence_across_runs
tests/test_organism_live_engine.py::TestPaperAccountIntegration::test_full_cycle
tests/test_organism_live_engine.py::TestPaperAccountIntegration::test_exit_check_on_open_positions
tests/test_organism_live_engine.py::TestPaperAccountIntegration::test_generate_trading_signals
tests/test_organism_live_engine.py::TestEdgeCases::test_empty_universe
tests/test_organism_live_engine.py::TestEdgeCases::test_data_client_failure
tests/test_organism_live_engine.py::TestEdgeCases::test_live_tick_result_serializable
tests/test_organism_engine_scenarios.py::test_insufficient_data_still_processes_exits
tests/test_organism_engine_scenarios.py::test_feature_nan_propagation_doesnt_crash
tests/test_organism_engine_scenarios.py::test_missing_spy_falls_back_to_market_regime
tests/test_organism_engine_scenarios.py::test_stale_data_detected_after_stream_death
tests/test_organism_engine_scenarios.py::test_empty_features_for_position_symbol
tests/test_organism_engine_scenarios.py::test_regime_stability_over_20_ticks
tests/test_organism_engine_scenarios.py::test_regime_unknown_doesnt_oversize
tests/test_organism_engine_scenarios.py::test_stress_tightening_doesnt_compound_on_reentry
tests/test_organism_engine_scenarios.py::test_kelly_nonzero_in_stress_with_untrained_ml
tests/test_organism_engine_scenarios.py::test_entries_blocked_during_warmup
tests/test_organism_engine_scenarios.py::test_entry_throttle_persists_across_restart
tests/test_organism_engine_scenarios.py::test_sector_saturation_doesnt_deadlock
tests/test_organism_engine_scenarios.py::test_all_ml_neutral_still_produces_candidates
tests/test_organism_engine_scenarios.py::test_alpha_breakout_bad_regime_filter_blocks_main_book_orders
tests/test_organism_engine_scenarios.py::test_no_cold_start_burst
tests/test_organism_engine_scenarios.py::test_entry_with_partial_fill_tracked_correctly
tests/test_organism_engine_scenarios.py::test_exit_runs_when_halted
tests/test_organism_engine_scenarios.py::test_missing_exit_levels_triggers_safety_net
tests/test_organism_engine_scenarios.py::test_trailing_stop_with_zero_atr
tests/test_organism_engine_scenarios.py::test_max_holding_period_exit
tests/test_organism_engine_scenarios.py::test_multiple_tightening_doesnt_overclamp
tests/test_organism_engine_scenarios.py::test_reconcile_detects_closed_position
tests/test_organism_engine_scenarios.py::test_orphaned_position_adopted
tests/test_organism_engine_scenarios.py::test_brain_saved_after_fill
tests/test_organism_engine_scenarios.py::test_trade_record_uses_actual_shares_not_pyramid
tests/test_organism_engine_scenarios.py::test_untrained_ml_doesnt_block_all_entries
tests/test_organism_engine_scenarios.py::test_retrain_triggers_after_enough_trades
tests/test_organism_engine_scenarios.py::test_reconstructed_trades_fed_to_learner
tests/test_organism_engine_scenarios.py::test_brain_save_interval_20_ticks
tests/test_organism_engine_scenarios.py::test_nan_in_persisted_exit_levels_handled
tests/test_organism_engine_scenarios.py::test_tick_count_and_state_survive_restart
tests/test_multi_tick_state.py::TestMultiTickState::test_position_closes_no_duplicate_exit
tests/test_multi_tick_state.py::TestMultiTickState::test_no_short_created_across_ticks
tests/test_multi_tick_state.py::TestMultiTickState::test_internal_state_synced_with_broker
tests/test_multi_tick_state.py::TestMultiTickState::test_kelly_reduced_when_ml_untrained
tests/test_multi_tick_state.py::TestMultiTickState::test_universe_observation_gate
tests/test_multi_tick_state.py::TestMultiTickState::test_pending_exit_prevents_re_exit
tests/test_multi_tick_state.py::TestMultiTickState::test_pending_exit_breach_triggers_safety_net
tests/test_multi_tick_state.py::TestMultiTickState::test_movers_filtered_by_volume
tests/test_multi_tick_state.py::TestMultiTickState::test_exit_uses_day_tif
tests/test_safety_invariants.py::TestSafetyInvariants::test_insufficient_features_still_processes_exits
tests/test_safety_invariants.py::TestSafetyInvariants::test_entries_blocked_still_exports_metrics_and_runs_exits
tests/test_safety_invariants.py::TestSafetyInvariants::test_sector_gate_blocks_excess_same_sector_entries
tests/test_safety_invariants.py::TestSafetyInvariants::test_sector_gate_unknown_sector_always_passes
tests/test_safety_invariants.py::TestSafetyInvariants::test_sector_gate_planned_symbols_none
tests/test_safety_invariants.py::TestSafetyInvariants::test_apply_evolved_params_default_scale_matches_intraday_baseline
tests/test_safety_invariants.py::TestSafetyInvariants::test_apply_evolved_params_with_scaled_values
tests/test_safety_invariants.py::TestSafetyInvariants::test_order_service_default_tif_is_day
tests/test_safety_invariants.py::TestSafetyInvariants::test_order_service_explicit_tif_honored
tests/test_safety_invariants.py::TestSafetyInvariants::test_reconciliation_scheduler_importable
tests/test_safety_invariants.py::TestSafetyInvariants::test_reconciliation_scheduler_status_before_start
tests/test_safety_invariants.py::TestSafetyInvariants::test_reconciliation_scheduler_start_stop
tests/test_safety_invariants.py::TestSafetyInvariants::test_reconciliation_scheduler_wired_in_lifespan
tests/test_safety_invariants.py::TestSafetyInvariants::test_long_only_exit_blocks_sell_when_no_broker_position
tests/test_safety_invariants.py::TestSafetyInvariants::test_long_only_exit_clamps_shares_to_broker_qty
tests/test_safety_invariants.py::TestSafetyInvariants::test_long_only_exit_blocks_sell_on_short_position
tests/test_safety_invariants.py::TestSafetyInvariants::test_long_only_exit_loop_skips_short_positions
tests/test_safety_invariants.py::TestSafetyInvariants::test_long_only_orphan_adoption_skips_shorts
tests/test_safety_invariants.py::TestSafetyInvariants::test_exit_idempotency_key_uses_tick_count
tests/test_safety_invariants.py::TestSafetyInvariants::test_entry_idempotency_key_uses_tick_count
tests/test_safety_invariants.py::TestSafetyInvariants::test_profit_lock_at_2r_long
tests/test_safety_invariants.py::TestSafetyInvariants::test_profit_lock_at_2r_short
tests/test_safety_invariants.py::TestSafetyInvariants::test_profit_lock_one_shot
tests/test_safety_invariants.py::TestSafetyInvariants::test_profit_lock_never_downgrades_stop
tests/test_safety_invariants.py::TestSafetyInvariants::test_profit_lock_in_check_exit
tests/test_safety_invariants.py::TestSafetyInvariants::test_partial_tp_does_not_downgrade_profit_lock
tests/test_safety_invariants.py::TestSafetyInvariants::test_spy_filter_blocks_below_ma
tests/test_safety_invariants.py::TestSafetyInvariants::test_spy_filter_allows_above_ma
tests/test_safety_invariants.py::TestSafetyInvariants::test_spy_filter_skips_insufficient_data
tests/test_replay_simulator.py::test_replay_engine_constructor_does_not_pollute_replay_mode
tests/test_replay_simulator.py::test_simulated_broker_fills_correctly
tests/test_replay_simulator.py::test_replay_slippage_applied
tests/test_replay_simulator.py::test_simulated_broker_portfolio_value
tests/test_replay_simulator.py::test_bar_provider_advances_correctly
tests/test_replay_simulator.py::test_bar_provider_returns_correct_window
tests/test_replay_simulator.py::test_bar_provider_exhaustion
tests/test_replay_simulator.py::test_bar_provider_current_price
tests/test_replay_simulator.py::test_replay_completes_100_ticks
tests/test_replay_simulator.py::test_replay_trades_have_valid_pnl
tests/test_replay_simulator.py::test_replay_equity_monotonic_start
tests/test_replay_simulator.py::test_replay_regime_history_populated
tests/test_replay_simulator.py::test_replay_with_crash_data
tests/test_replay_simulator.py::test_replay_result_summary
tests/test_replay_simulator.py::test_replay_result_metrics
tests/test_replay_simulator.py::test_from_csv_loads_correctly
tests/test_replay_simulator.py::test_make_price_df_trends
tests/test_replay_simulator.py::test_make_features_dict
tests/test_replay_simulator.py::test_replay_time_override_uses_bar_time
tests/test_replay_simulator.py::test_replay_no_throttle_blocking
tests/test_replay_simulator.py::test_replay_throttle_actually_blocks_at_low_limit
tests/test_replay_simulator.py::test_replay_daily_timeframe_uses_wider_stops
tests/test_replay_simulator.py::test_replay_intraday_timeframe_uses_tight_stops
tests/test_replay_simulator.py::test_bar_provider_lookback_200_gives_more_ticks
tests/test_replay_simulator.py::test_replay_engine_daily_default_lookback
tests/test_replay_simulator.py::test_replay_engine_intraday_default_lookback
tests/test_replay_simulator.py::test_replay_engine_custom_lookback
tests/test_replay_simulator.py::test_replay_seasonality_uses_bar_time
tests/test_self_evolution.py::TestEvolvedParams::test_defaults_are_valid
tests/test_self_evolution.py::TestEvolvedParams::test_serialisation_roundtrip
tests/test_self_evolution.py::TestEvolvedParams::test_feature_selection_threshold
tests/test_self_evolution.py::TestEvolvedParams::test_feature_selection_safety_floor
tests/test_self_evolution.py::TestEvolutionEngine::test_evolve_changes_params
tests/test_self_evolution.py::TestEvolutionEngine::test_evolve_tolerates_legacy_non_string_entry_source
tests/test_self_evolution.py::TestEvolutionEngine::test_skips_with_few_trades
tests/test_self_evolution.py::TestEvolutionEngine::test_symbol_fitness_updated
tests/test_self_evolution.py::TestEvolutionEngine::test_regime_scales_adapted
tests/test_self_evolution.py::TestEvolutionEngine::test_multiple_evolution_steps
tests/test_self_evolution.py::TestEvolutionEngine::test_evolution_is_gradual
tests/test_self_evolution.py::TestApplyEvolvedParams::test_apply_to_alpha_scanner
tests/test_self_evolution.py::TestApplyEvolvedParams::test_apply_to_exit_engine
tests/test_self_evolution.py::TestApplyEvolvedParams::test_apply_to_signal_gen
tests/test_self_evolution.py::TestApplyEvolvedParams::test_apply_to_kelly_sizer
tests/test_replay_close_accounting.py::test_actual_partial_receipts_reach_ledger_learner_and_restart_once
tests/test_replay_close_accounting.py::test_pyramid_and_clipped_exit_use_actual_executions_not_requested_qty
tests/test_replay_close_accounting.py::test_same_timestamp_multiple_lifetimes_keep_execution_order
tests/test_replay_close_accounting.py::test_next_open_model_uses_actual_costed_fill_receipts
tests/test_replay_close_accounting.py::test_future_or_conflicting_receipts_never_become_exact
tests/test_replay_close_accounting.py::test_replay_run_wires_actual_receipts_to_real_engine_consumers
tests/test_replay_close_accounting.py::test_broker_namespaces_prevent_identity_reuse_across_replays
tests/test_replay_close_accounting.py::test_rejected_simulation_entry_is_verified_empty_before_later_close

146 tests collected in 1.34s
