F                                                                        [100%]
=================================== FAILURES ===================================
_______________________ test_replay_no_throttle_blocking _______________________

    @pytest.mark.timeout(120)
    @pytest.mark.asyncio
    async def test_replay_no_throttle_blocking():
        """With time overrides + adequate initial cash, replay should not be
        throttled by entries-per-hour limit.
    
        V13 W93 root-cause investigation (scripts/debug/replay_throttle_diagnose.py):
        the V12-era xfail was misdiagnosed.  100 ticks at $100k initial cash did
        produce 42 signals — but every one of them was rejected by the
        Kelly min-notional floor ($2,000), not by the entries-per-hour throttle.
    
        Diagnostic:
          total_signals_generated = 42
          total_orders_submitted  = 0
          Kelly skip … notional=1438 < min=2000  (×40+)
          Confidence reject … eff_conf=0.17 < 0.25  (×2)
    
        With $100k cash + 0.10% learning-mode risk budget, calculated notionals
        fall in the $1,300-$1,500 range — below the $2,000 protective floor that
        prevents micro-positions in production.  Bumping to $1,000,000 keeps
        the same risk-budget ratio but lifts notionals to ~$13k-$15k, well above
        the floor.  This is the realistic test setup; the engine semantics are
        unchanged.
    
        With this fix the test passes, proving the entries-per-hour throttle is
        NOT blocking replay at max_entries_per_hour=20.
        """
        bars = make_features_dict(
            ["AAPL", "MSFT", "SPY"], n=700, seed=42, trend="up",
        )
        engine = ReplayEngine(
            bars_by_symbol=bars,
            initial_cash=1_000_000,  # V13 W93: lifts Kelly notionals above $2k floor
            slippage_bps=5,
            max_entries_per_hour=20,
            lookback=200,
            timeframe="1Min",
        )
        result = await engine.run(max_ticks=100)
    
        assert result.ticks == 100
        total_orders = sum(
            r.get("orders_submitted", 0)
            for r in result.tick_results if isinstance(r, dict)
        )
        # With $1M cash, Kelly clears the $2k floor; with max_entries_per_hour=20
        # the throttle is well above the actual entry rate (replay produces
        # ~0.4 signals/tick).  Expect > 3 orders.
>       assert total_orders >= 3, (
            f"Only {total_orders} orders in 100 ticks — V13-W93 fix may have regressed"
        )
E       AssertionError: Only 0 orders in 100 ticks — V13-W93 fix may have regressed
E       assert 0 >= 3

tests/test_replay_simulator.py:434: AssertionError
----------------------------- Captured stdout call -----------------------------
  💾 Brain saved: generation 0, 0 trades, equity $1,000,000
  💾 Brain saved: generation 0, 0 trades, equity $1,000,000
  💾 Brain saved: generation 0, 0 trades, equity $1,000,000
  💾 Brain saved: generation 0, 0 trades, equity $1,000,000
  💾 Brain saved: generation 0, 0 trades, equity $1,000,000
  💾 Brain saved: generation 0, 0 trades, equity $1,000,000
------------------------------ Captured log call -------------------------------
WARNING  backend.organism.replay_simulator:replay_simulator.py:710 {"event": "OPTIMISTIC FILL MODE: same_bar_fills=True half_spread=None slippage_bps=5 \u2014 results overstate performance and are NOT valid promotion evidence (use cost_profile='realistic').", "logger": "backend.organism.replay_simulator", "level": "warning", "timestamp": "2026-09-22T07:33:36.489143Z"}
WARNING  backend.organism.trading_phase:trading_phase.py:200 Full production promotion blocked: reviewed_paper_baseline_requires_explicit_promotion
=============================== warnings summary ===============================
tests/test_replay_simulator.py::test_replay_no_throttle_blocking
  <string>:15: RuntimeWarning: SECRET_KEY not set — using generated ephemeral key. Set SECRET_KEY env var for production.

-- Docs: https://docs.pytest.org/en/stable/how-to/capture-warnings.html
=========================== short test summary info ============================
FAILED tests/test_replay_simulator.py::test_replay_no_throttle_blocking - Ass...
1 failed, 1 warning in 24.80s
