.sssssssssssssssssssssssssssssssssssssssssssssssssssssssssssssssssssssss [  0%]
ssssssssssssssssssssssssssssssssssssssssssssssssssssssssssssssssssssss.. [  1%]
....................................ss.................................. [  2%]
..................................................s..................... [  3%]
........................................................................ [  4%]
..............ss........................................................ [  5%]
........................................................................ [  6%]
........................................................................ [  7%]
........................................................................ [  8%]
........................................................................ [  9%]
......................................................................ss [ 10%]
ssss.................................................................... [ 11%]
........................................................................ [ 12%]
........................................................................ [ 13%]
........................................................................ [ 14%]
........................................................................ [ 15%]
........................................................................ [ 16%]
........................................................................ [ 17%]
........................................................................ [ 18%]
...........................................sssssssssssssssssssssssssssss [ 18%]
sssssss................................................................. [ 19%]
.......................ssssssss......................................... [ 20%]
..........................F
================================== FAILURES ===================================
C:\Users\Marsel\AppData\Local\Programs\Python\Python313\Lib\site-packages\requests\models.py:822: requests.exceptions.ChunkedEncodingError: ('Connection broken: IncompleteRead(0 bytes read, 467 more expected)', IncompleteRead(0 bytes read, 467 more expected))
============================== warnings summary ===============================
tests/test_config_coordinator_comprehensive.py::TestConfigurationCoordinatorInit::test_coordinator_can_be_imported
  C:\Users\Marsel\intra\algotrading_platform\tests\test_config_coordinator_comprehensive.py:17: DeprecationWarning: backend.config.coordinator is deprecated. Use backend.config.settings.get_settings() instead.
    from backend.config.coordinator import ConfigurationCoordinator

tests/test_config_coordinator_comprehensive.py::TestConfigurationCoordinatorInit::test_coordinator_can_be_imported
  C:\Users\Marsel\intra\algotrading_platform\backend\config\coordinator.py:22: DeprecationWarning: backend.config.unified is deprecated. Use backend.config.settings.get_settings() instead.
    from backend.config.unified import UnifiedSettings, get_unified_settings

tests/test_database_comprehensive.py::test_connection
  C:\Users\Marsel\AppData\Local\Programs\Python\Python313\Lib\site-packages\_pytest\python.py:161: PytestReturnNotNoneWarning: Test functions should return None, but tests/test_database_comprehensive.py::test_connection returned <class 'bool'>.
  Did you mean to use `assert` instead of `return`?
  See https://docs.pytest.org/en/stable/how-to/assert.html#return-not-none for more information.
    warnings.warn(

-- Docs: https://docs.pytest.org/en/stable/how-to/capture-warnings.html
=========================== short test summary info ===========================
FAILED tests/test_order_lifecycle.py::TestOrderLifecycle::test_order_via_orders_endpoint
!!!!!!!!!!!!!!!!!!!!!!!!!! stopping after 1 failures !!!!!!!!!!!!!!!!!!!!!!!!!!
1 failed, 1414 passed, 196 skipped, 3 warnings in 106.49s (0:01:46)
