FFFFFFFF..FFFFFFFFFFFFFFFFFFFF...FFFFFFF                                 [100%]
=================================== FAILURES ===================================
_______ test_scalar_numerator_signed_zero_epsilon_and_nan[100-expected0] _______
tests/test_composite_indicator_contract.py:58: in test_scalar_numerator_signed_zero_epsilon_and_nan
    result = indicators._safe_div(numerator, denominator)
             ^^^^^^^^^^^^^^^^^^^^^^^^^^^^^^^^^^^^^^^^^^^^
backend/organism/composite_indicators.py:43: in _safe_div
    a_zero = a.abs() < 1e-12
             ^^^^^
E   AttributeError: 'int' object has no attribute 'abs'
______ test_scalar_numerator_signed_zero_epsilon_and_nan[100.0-expected1] ______
tests/test_composite_indicator_contract.py:58: in test_scalar_numerator_signed_zero_epsilon_and_nan
    result = indicators._safe_div(numerator, denominator)
             ^^^^^^^^^^^^^^^^^^^^^^^^^^^^^^^^^^^^^^^^^^^^
backend/organism/composite_indicators.py:43: in _safe_div
    a_zero = a.abs() < 1e-12
             ^^^^^
E   AttributeError: 'float' object has no attribute 'abs'
______ test_scalar_numerator_signed_zero_epsilon_and_nan[-2.5-expected2] _______
tests/test_composite_indicator_contract.py:58: in test_scalar_numerator_signed_zero_epsilon_and_nan
    result = indicators._safe_div(numerator, denominator)
             ^^^^^^^^^^^^^^^^^^^^^^^^^^^^^^^^^^^^^^^^^^^^
backend/organism/composite_indicators.py:43: in _safe_div
    a_zero = a.abs() < 1e-12
             ^^^^^
E   AttributeError: 'float' object has no attribute 'abs'
________ test_scalar_numerator_signed_zero_epsilon_and_nan[0-expected3] ________
tests/test_composite_indicator_contract.py:58: in test_scalar_numerator_signed_zero_epsilon_and_nan
    result = indicators._safe_div(numerator, denominator)
             ^^^^^^^^^^^^^^^^^^^^^^^^^^^^^^^^^^^^^^^^^^^^
backend/organism/composite_indicators.py:43: in _safe_div
    a_zero = a.abs() < 1e-12
             ^^^^^
E   AttributeError: 'int' object has no attribute 'abs'
_______ test_scalar_numerator_signed_zero_epsilon_and_nan[0.0-expected4] _______
tests/test_composite_indicator_contract.py:58: in test_scalar_numerator_signed_zero_epsilon_and_nan
    result = indicators._safe_div(numerator, denominator)
             ^^^^^^^^^^^^^^^^^^^^^^^^^^^^^^^^^^^^^^^^^^^^
backend/organism/composite_indicators.py:43: in _safe_div
    a_zero = a.abs() < 1e-12
             ^^^^^
E   AttributeError: 'float' object has no attribute 'abs'
______ test_scalar_numerator_signed_zero_epsilon_and_nan[1e-13-expected5] ______
tests/test_composite_indicator_contract.py:58: in test_scalar_numerator_signed_zero_epsilon_and_nan
    result = indicators._safe_div(numerator, denominator)
             ^^^^^^^^^^^^^^^^^^^^^^^^^^^^^^^^^^^^^^^^^^^^
backend/organism/composite_indicators.py:43: in _safe_div
    a_zero = a.abs() < 1e-12
             ^^^^^
E   AttributeError: 'float' object has no attribute 'abs'
______ test_scalar_numerator_signed_zero_epsilon_and_nan[1e-12-expected6] ______
tests/test_composite_indicator_contract.py:58: in test_scalar_numerator_signed_zero_epsilon_and_nan
    result = indicators._safe_div(numerator, denominator)
             ^^^^^^^^^^^^^^^^^^^^^^^^^^^^^^^^^^^^^^^^^^^^
backend/organism/composite_indicators.py:43: in _safe_div
    a_zero = a.abs() < 1e-12
             ^^^^^
E   AttributeError: 'float' object has no attribute 'abs'
_____ test_scalar_numerator_signed_zero_epsilon_and_nan[-1e-12-expected7] ______
tests/test_composite_indicator_contract.py:58: in test_scalar_numerator_signed_zero_epsilon_and_nan
    result = indicators._safe_div(numerator, denominator)
             ^^^^^^^^^^^^^^^^^^^^^^^^^^^^^^^^^^^^^^^^^^^^
backend/organism/composite_indicators.py:43: in _safe_div
    a_zero = a.abs() < 1e-12
             ^^^^^
E   AttributeError: 'float' object has no attribute 'abs'
__________ test_nonfinite_scalar_is_not_silently_coerced_to_zero[nan] __________
tests/test_composite_indicator_contract.py:87: in test_nonfinite_scalar_is_not_silently_coerced_to_zero
    result = indicators._safe_div(numerator, pd.Series([2.]))
             ^^^^^^^^^^^^^^^^^^^^^^^^^^^^^^^^^^^^^^^^^^^^^^^^
backend/organism/composite_indicators.py:43: in _safe_div
    a_zero = a.abs() < 1e-12
             ^^^^^
E   AttributeError: 'float' object has no attribute 'abs'
__________ test_nonfinite_scalar_is_not_silently_coerced_to_zero[inf] __________
tests/test_composite_indicator_contract.py:87: in test_nonfinite_scalar_is_not_silently_coerced_to_zero
    result = indicators._safe_div(numerator, pd.Series([2.]))
             ^^^^^^^^^^^^^^^^^^^^^^^^^^^^^^^^^^^^^^^^^^^^^^^^
backend/organism/composite_indicators.py:43: in _safe_div
    a_zero = a.abs() < 1e-12
             ^^^^^
E   AttributeError: 'float' object has no attribute 'abs'
_________ test_nonfinite_scalar_is_not_silently_coerced_to_zero[-inf] __________
tests/test_composite_indicator_contract.py:87: in test_nonfinite_scalar_is_not_silently_coerced_to_zero
    result = indicators._safe_div(numerator, pd.Series([2.]))
             ^^^^^^^^^^^^^^^^^^^^^^^^^^^^^^^^^^^^^^^^^^^^^^^^
backend/organism/composite_indicators.py:43: in _safe_div
    a_zero = a.abs() < 1e-12
             ^^^^^
E   AttributeError: 'float' object has no attribute 'abs'
_________________ test_unsupported_numerator_is_rejected[100] __________________
tests/test_composite_indicator_contract.py:97: in test_unsupported_numerator_is_rejected
    indicators._safe_div(numerator, pd.Series([2.]))
backend/organism/composite_indicators.py:43: in _safe_div
    a_zero = a.abs() < 1e-12
             ^^^^^
E   AttributeError: 'str' object has no attribute 'abs'
______________ test_unsupported_numerator_is_rejected[numerator1] ______________
tests/test_composite_indicator_contract.py:97: in test_unsupported_numerator_is_rejected
    indicators._safe_div(numerator, pd.Series([2.]))
backend/organism/composite_indicators.py:43: in _safe_div
    a_zero = a.abs() < 1e-12
             ^^^^^
E   AttributeError: 'list' object has no attribute 'abs'
______________ test_unsupported_numerator_is_rejected[numerator2] ______________
tests/test_composite_indicator_contract.py:97: in test_unsupported_numerator_is_rejected
    indicators._safe_div(numerator, pd.Series([2.]))
backend/organism/composite_indicators.py:43: in _safe_div
    a_zero = a.abs() < 1e-12
             ^^^^^
E   AttributeError: 'object' object has no attribute 'abs'
_ test_all_three_real_scalar_callers_finish_with_finite_scores[volume_price_divergence-0.0-rising] _
tests/test_composite_indicator_contract.py:109: in test_all_three_real_scalar_callers_finish_with_finite_scores
    result = function(bars)
             ^^^^^^^^^^^^^^
backend/organism/composite_indicators.py:159: in volume_price_divergence
    mfi = 100 - _safe_div(100, 1 + _safe_div(pos_mf, neg_mf))
                ^^^^^^^^^^^^^^^^^^^^^^^^^^^^^^^^^^^^^^^^^^^^^
backend/organism/composite_indicators.py:43: in _safe_div
    a_zero = a.abs() < 1e-12
             ^^^^^
E   AttributeError: 'int' object has no attribute 'abs'
_ test_all_three_real_scalar_callers_finish_with_finite_scores[volume_price_divergence-0.0-falling] _
tests/test_composite_indicator_contract.py:109: in test_all_three_real_scalar_callers_finish_with_finite_scores
    result = function(bars)
             ^^^^^^^^^^^^^^
backend/organism/composite_indicators.py:159: in volume_price_divergence
    mfi = 100 - _safe_div(100, 1 + _safe_div(pos_mf, neg_mf))
                ^^^^^^^^^^^^^^^^^^^^^^^^^^^^^^^^^^^^^^^^^^^^^
backend/organism/composite_indicators.py:43: in _safe_div
    a_zero = a.abs() < 1e-12
             ^^^^^
E   AttributeError: 'int' object has no attribute 'abs'
_ test_all_three_real_scalar_callers_finish_with_finite_scores[volume_price_divergence-0.0-oscillating] _
tests/test_composite_indicator_contract.py:109: in test_all_three_real_scalar_callers_finish_with_finite_scores
    result = function(bars)
             ^^^^^^^^^^^^^^
backend/organism/composite_indicators.py:159: in volume_price_divergence
    mfi = 100 - _safe_div(100, 1 + _safe_div(pos_mf, neg_mf))
                ^^^^^^^^^^^^^^^^^^^^^^^^^^^^^^^^^^^^^^^^^^^^^
backend/organism/composite_indicators.py:43: in _safe_div
    a_zero = a.abs() < 1e-12
             ^^^^^
E   AttributeError: 'int' object has no attribute 'abs'
_ test_all_three_real_scalar_callers_finish_with_finite_scores[mean_reversion_extremity--1.0-rising] _
tests/test_composite_indicator_contract.py:109: in test_all_three_real_scalar_callers_finish_with_finite_scores
    result = function(bars)
             ^^^^^^^^^^^^^^
backend/organism/composite_indicators.py:341: in mean_reversion_extremity
    rsi = 100 - _safe_div(100, 1 + rs)
                ^^^^^^^^^^^^^^^^^^^^^^
backend/organism/composite_indicators.py:43: in _safe_div
    a_zero = a.abs() < 1e-12
             ^^^^^
E   AttributeError: 'int' object has no attribute 'abs'
_ test_all_three_real_scalar_callers_finish_with_finite_scores[mean_reversion_extremity--1.0-falling] _
tests/test_composite_indicator_contract.py:109: in test_all_three_real_scalar_callers_finish_with_finite_scores
    result = function(bars)
             ^^^^^^^^^^^^^^
backend/organism/composite_indicators.py:341: in mean_reversion_extremity
    rsi = 100 - _safe_div(100, 1 + rs)
                ^^^^^^^^^^^^^^^^^^^^^^
backend/organism/composite_indicators.py:43: in _safe_div
    a_zero = a.abs() < 1e-12
             ^^^^^
E   AttributeError: 'int' object has no attribute 'abs'
_ test_all_three_real_scalar_callers_finish_with_finite_scores[mean_reversion_extremity--1.0-oscillating] _
tests/test_composite_indicator_contract.py:109: in test_all_three_real_scalar_callers_finish_with_finite_scores
    result = function(bars)
             ^^^^^^^^^^^^^^
backend/organism/composite_indicators.py:341: in mean_reversion_extremity
    rsi = 100 - _safe_div(100, 1 + rs)
                ^^^^^^^^^^^^^^^^^^^^^^
backend/organism/composite_indicators.py:43: in _safe_div
    a_zero = a.abs() < 1e-12
             ^^^^^
E   AttributeError: 'int' object has no attribute 'abs'
_ test_all_three_real_scalar_callers_finish_with_finite_scores[momentum_quality_score-0.0-rising] _
tests/test_composite_indicator_contract.py:109: in test_all_three_real_scalar_callers_finish_with_finite_scores
    result = function(bars)
             ^^^^^^^^^^^^^^
backend/organism/composite_indicators.py:484: in momentum_quality_score
    rsi = 100 - _safe_div(100, 1 + _safe_div(gain, loss))
                ^^^^^^^^^^^^^^^^^^^^^^^^^^^^^^^^^^^^^^^^^
backend/organism/composite_indicators.py:43: in _safe_div
    a_zero = a.abs() < 1e-12
             ^^^^^
E   AttributeError: 'int' object has no attribute 'abs'
_ test_all_three_real_scalar_callers_finish_with_finite_scores[momentum_quality_score-0.0-falling] _
tests/test_composite_indicator_contract.py:109: in test_all_three_real_scalar_callers_finish_with_finite_scores
    result = function(bars)
             ^^^^^^^^^^^^^^
backend/organism/composite_indicators.py:484: in momentum_quality_score
    rsi = 100 - _safe_div(100, 1 + _safe_div(gain, loss))
                ^^^^^^^^^^^^^^^^^^^^^^^^^^^^^^^^^^^^^^^^^
backend/organism/composite_indicators.py:43: in _safe_div
    a_zero = a.abs() < 1e-12
             ^^^^^
E   AttributeError: 'int' object has no attribute 'abs'
_ test_all_three_real_scalar_callers_finish_with_finite_scores[momentum_quality_score-0.0-oscillating] _
tests/test_composite_indicator_contract.py:109: in test_all_three_real_scalar_callers_finish_with_finite_scores
    result = function(bars)
             ^^^^^^^^^^^^^^
backend/organism/composite_indicators.py:484: in momentum_quality_score
    rsi = 100 - _safe_div(100, 1 + _safe_div(gain, loss))
                ^^^^^^^^^^^^^^^^^^^^^^^^^^^^^^^^^^^^^^^^^
backend/organism/composite_indicators.py:43: in _safe_div
    a_zero = a.abs() < 1e-12
             ^^^^^
E   AttributeError: 'int' object has no attribute 'abs'
__________ test_master_computes_all_seven_and_preserves_input[rising] __________
tests/test_composite_indicator_contract.py:129: in test_master_computes_all_seven_and_preserves_input
    result = indicators.compute_composite_indicators(bars)
             ^^^^^^^^^^^^^^^^^^^^^^^^^^^^^^^^^^^^^^^^^^^^^
backend/organism/composite_indicators.py:527: in compute_composite_indicators
    out["comp_vol_price_div"] = volume_price_divergence(df)
                                ^^^^^^^^^^^^^^^^^^^^^^^^^^^
backend/organism/composite_indicators.py:159: in volume_price_divergence
    mfi = 100 - _safe_div(100, 1 + _safe_div(pos_mf, neg_mf))
                ^^^^^^^^^^^^^^^^^^^^^^^^^^^^^^^^^^^^^^^^^^^^^
backend/organism/composite_indicators.py:43: in _safe_div
    a_zero = a.abs() < 1e-12
             ^^^^^
E   AttributeError: 'int' object has no attribute 'abs'
_________ test_master_computes_all_seven_and_preserves_input[falling] __________
tests/test_composite_indicator_contract.py:129: in test_master_computes_all_seven_and_preserves_input
    result = indicators.compute_composite_indicators(bars)
             ^^^^^^^^^^^^^^^^^^^^^^^^^^^^^^^^^^^^^^^^^^^^^
backend/organism/composite_indicators.py:527: in compute_composite_indicators
    out["comp_vol_price_div"] = volume_price_divergence(df)
                                ^^^^^^^^^^^^^^^^^^^^^^^^^^^
backend/organism/composite_indicators.py:159: in volume_price_divergence
    mfi = 100 - _safe_div(100, 1 + _safe_div(pos_mf, neg_mf))
                ^^^^^^^^^^^^^^^^^^^^^^^^^^^^^^^^^^^^^^^^^^^^^
backend/organism/composite_indicators.py:43: in _safe_div
    a_zero = a.abs() < 1e-12
             ^^^^^
E   AttributeError: 'int' object has no attribute 'abs'
_______ test_master_computes_all_seven_and_preserves_input[oscillating] ________
tests/test_composite_indicator_contract.py:129: in test_master_computes_all_seven_and_preserves_input
    result = indicators.compute_composite_indicators(bars)
             ^^^^^^^^^^^^^^^^^^^^^^^^^^^^^^^^^^^^^^^^^^^^^
backend/organism/composite_indicators.py:527: in compute_composite_indicators
    out["comp_vol_price_div"] = volume_price_divergence(df)
                                ^^^^^^^^^^^^^^^^^^^^^^^^^^^
backend/organism/composite_indicators.py:159: in volume_price_divergence
    mfi = 100 - _safe_div(100, 1 + _safe_div(pos_mf, neg_mf))
                ^^^^^^^^^^^^^^^^^^^^^^^^^^^^^^^^^^^^^^^^^^^^^
backend/organism/composite_indicators.py:43: in _safe_div
    a_zero = a.abs() < 1e-12
             ^^^^^
E   AttributeError: 'int' object has no attribute 'abs'
___________ test_master_computes_all_seven_and_preserves_input[flat] ___________
tests/test_composite_indicator_contract.py:129: in test_master_computes_all_seven_and_preserves_input
    result = indicators.compute_composite_indicators(bars)
             ^^^^^^^^^^^^^^^^^^^^^^^^^^^^^^^^^^^^^^^^^^^^^
backend/organism/composite_indicators.py:527: in compute_composite_indicators
    out["comp_vol_price_div"] = volume_price_divergence(df)
                                ^^^^^^^^^^^^^^^^^^^^^^^^^^^
backend/organism/composite_indicators.py:159: in volume_price_divergence
    mfi = 100 - _safe_div(100, 1 + _safe_div(pos_mf, neg_mf))
                ^^^^^^^^^^^^^^^^^^^^^^^^^^^^^^^^^^^^^^^^^^^^^
backend/organism/composite_indicators.py:43: in _safe_div
    a_zero = a.abs() < 1e-12
             ^^^^^
E   AttributeError: 'int' object has no attribute 'abs'
_______ test_master_computes_all_seven_and_preserves_input[zero_volume] ________
tests/test_composite_indicator_contract.py:129: in test_master_computes_all_seven_and_preserves_input
    result = indicators.compute_composite_indicators(bars)
             ^^^^^^^^^^^^^^^^^^^^^^^^^^^^^^^^^^^^^^^^^^^^^
backend/organism/composite_indicators.py:527: in compute_composite_indicators
    out["comp_vol_price_div"] = volume_price_divergence(df)
                                ^^^^^^^^^^^^^^^^^^^^^^^^^^^
backend/organism/composite_indicators.py:159: in volume_price_divergence
    mfi = 100 - _safe_div(100, 1 + _safe_div(pos_mf, neg_mf))
                ^^^^^^^^^^^^^^^^^^^^^^^^^^^^^^^^^^^^^^^^^^^^^
backend/organism/composite_indicators.py:43: in _safe_div
    a_zero = a.abs() < 1e-12
             ^^^^^
E   AttributeError: 'int' object has no attribute 'abs'
_ test_actual_ml_path_completes_composites_without_changing_other_features[rising-20] _
tests/test_composite_indicator_contract.py:173: in test_actual_ml_path_completes_composites_without_changing_other_features
    assert len(completed) == 1, "The composite computation must return; seven fallback zeros do not qualify"
E   AssertionError: The composite computation must return; seven fallback zeros do not qualify
E   assert 0 == 1
E    +  where 0 = len([])
_ test_actual_ml_path_completes_composites_without_changing_other_features[rising-80] _
tests/test_composite_indicator_contract.py:173: in test_actual_ml_path_completes_composites_without_changing_other_features
    assert len(completed) == 1, "The composite computation must return; seven fallback zeros do not qualify"
E   AssertionError: The composite computation must return; seven fallback zeros do not qualify
E   assert 0 == 1
E    +  where 0 = len([])
_ test_actual_ml_path_completes_composites_without_changing_other_features[falling-80] _
tests/test_composite_indicator_contract.py:173: in test_actual_ml_path_completes_composites_without_changing_other_features
    assert len(completed) == 1, "The composite computation must return; seven fallback zeros do not qualify"
E   AssertionError: The composite computation must return; seven fallback zeros do not qualify
E   assert 0 == 1
E    +  where 0 = len([])
_ test_actual_ml_path_completes_composites_without_changing_other_features[oscillating-120] _
tests/test_composite_indicator_contract.py:173: in test_actual_ml_path_completes_composites_without_changing_other_features
    assert len(completed) == 1, "The composite computation must return; seven fallback zeros do not qualify"
E   AssertionError: The composite computation must return; seven fallback zeros do not qualify
E   assert 0 == 1
E    +  where 0 = len([])
_ test_actual_ml_path_completes_composites_without_changing_other_features[flat-80] _
tests/test_composite_indicator_contract.py:173: in test_actual_ml_path_completes_composites_without_changing_other_features
    assert len(completed) == 1, "The composite computation must return; seven fallback zeros do not qualify"
E   AssertionError: The composite computation must return; seven fallback zeros do not qualify
E   assert 0 == 1
E    +  where 0 = len([])
_ test_actual_ml_path_completes_composites_without_changing_other_features[zero_volume-80] _
tests/test_composite_indicator_contract.py:173: in test_actual_ml_path_completes_composites_without_changing_other_features
    assert len(completed) == 1, "The composite computation must return; seven fallback zeros do not qualify"
E   AssertionError: The composite computation must return; seven fallback zeros do not qualify
E   assert 0 == 1
E    +  where 0 = len([])
_ test_actual_ml_path_completes_composites_without_changing_other_features[rising-500] _
tests/test_composite_indicator_contract.py:173: in test_actual_ml_path_completes_composites_without_changing_other_features
    assert len(completed) == 1, "The composite computation must return; seven fallback zeros do not qualify"
E   AssertionError: The composite computation must return; seven fallback zeros do not qualify
E   assert 0 == 1
E    +  where 0 = len([])
=============================== warnings summary ===============================
tests/test_composite_indicator_contract.py::test_actual_ml_path_completes_composites_without_changing_other_features[flat-80]
  /Users/marselkei/VS/intra/venv/lib/python3.12/site-packages/numpy/lib/_function_base_impl.py:3023: RuntimeWarning: invalid value encountered in divide
    c /= stddev[:, None]

tests/test_composite_indicator_contract.py::test_actual_ml_path_completes_composites_without_changing_other_features[flat-80]
  /Users/marselkei/VS/intra/venv/lib/python3.12/site-packages/numpy/lib/_function_base_impl.py:3024: RuntimeWarning: invalid value encountered in divide
    c /= stddev[None, :]

tests/test_composite_indicator_contract.py::test_actual_ml_path_completes_composites_without_changing_other_features[flat-80]
  /Users/marselkei/VS/intra/venv/lib/python3.12/site-packages/pandas/core/arraylike.py:402: RuntimeWarning: divide by zero encountered in log10
    result = getattr(ufunc, method)(*inputs, **kwargs)

-- Docs: https://docs.pytest.org/en/stable/how-to/capture-warnings.html
============================= slowest 10 durations =============================
0.14s call     tests/test_composite_indicator_contract.py::test_actual_ml_path_completes_composites_without_changing_other_features[rising-500]
0.04s call     tests/test_composite_indicator_contract.py::test_actual_ml_path_completes_composites_without_changing_other_features[oscillating-120]
0.03s call     tests/test_composite_indicator_contract.py::test_actual_ml_path_completes_composites_without_changing_other_features[falling-80]
0.03s call     tests/test_composite_indicator_contract.py::test_actual_ml_path_completes_composites_without_changing_other_features[rising-80]
0.03s call     tests/test_composite_indicator_contract.py::test_actual_ml_path_completes_composites_without_changing_other_features[zero_volume-80]
0.03s call     tests/test_composite_indicator_contract.py::test_actual_ml_path_completes_composites_without_changing_other_features[flat-80]
0.02s call     tests/test_composite_indicator_contract.py::test_actual_ml_path_completes_composites_without_changing_other_features[rising-20]

(3 durations < 0.005s hidden.  Use -vv to show these durations.)
=========================== short test summary info ============================
FAILED tests/test_composite_indicator_contract.py::test_scalar_numerator_signed_zero_epsilon_and_nan[100-expected0]
FAILED tests/test_composite_indicator_contract.py::test_scalar_numerator_signed_zero_epsilon_and_nan[100.0-expected1]
FAILED tests/test_composite_indicator_contract.py::test_scalar_numerator_signed_zero_epsilon_and_nan[-2.5-expected2]
FAILED tests/test_composite_indicator_contract.py::test_scalar_numerator_signed_zero_epsilon_and_nan[0-expected3]
FAILED tests/test_composite_indicator_contract.py::test_scalar_numerator_signed_zero_epsilon_and_nan[0.0-expected4]
FAILED tests/test_composite_indicator_contract.py::test_scalar_numerator_signed_zero_epsilon_and_nan[1e-13-expected5]
FAILED tests/test_composite_indicator_contract.py::test_scalar_numerator_signed_zero_epsilon_and_nan[1e-12-expected6]
FAILED tests/test_composite_indicator_contract.py::test_scalar_numerator_signed_zero_epsilon_and_nan[-1e-12-expected7]
FAILED tests/test_composite_indicator_contract.py::test_nonfinite_scalar_is_not_silently_coerced_to_zero[nan]
FAILED tests/test_composite_indicator_contract.py::test_nonfinite_scalar_is_not_silently_coerced_to_zero[inf]
FAILED tests/test_composite_indicator_contract.py::test_nonfinite_scalar_is_not_silently_coerced_to_zero[-inf]
FAILED tests/test_composite_indicator_contract.py::test_unsupported_numerator_is_rejected[100]
FAILED tests/test_composite_indicator_contract.py::test_unsupported_numerator_is_rejected[numerator1]
FAILED tests/test_composite_indicator_contract.py::test_unsupported_numerator_is_rejected[numerator2]
FAILED tests/test_composite_indicator_contract.py::test_all_three_real_scalar_callers_finish_with_finite_scores[volume_price_divergence-0.0-rising]
FAILED tests/test_composite_indicator_contract.py::test_all_three_real_scalar_callers_finish_with_finite_scores[volume_price_divergence-0.0-falling]
FAILED tests/test_composite_indicator_contract.py::test_all_three_real_scalar_callers_finish_with_finite_scores[volume_price_divergence-0.0-oscillating]
FAILED tests/test_composite_indicator_contract.py::test_all_three_real_scalar_callers_finish_with_finite_scores[mean_reversion_extremity--1.0-rising]
FAILED tests/test_composite_indicator_contract.py::test_all_three_real_scalar_callers_finish_with_finite_scores[mean_reversion_extremity--1.0-falling]
FAILED tests/test_composite_indicator_contract.py::test_all_three_real_scalar_callers_finish_with_finite_scores[mean_reversion_extremity--1.0-oscillating]
FAILED tests/test_composite_indicator_contract.py::test_all_three_real_scalar_callers_finish_with_finite_scores[momentum_quality_score-0.0-rising]
FAILED tests/test_composite_indicator_contract.py::test_all_three_real_scalar_callers_finish_with_finite_scores[momentum_quality_score-0.0-falling]
FAILED tests/test_composite_indicator_contract.py::test_all_three_real_scalar_callers_finish_with_finite_scores[momentum_quality_score-0.0-oscillating]
FAILED tests/test_composite_indicator_contract.py::test_master_computes_all_seven_and_preserves_input[rising]
FAILED tests/test_composite_indicator_contract.py::test_master_computes_all_seven_and_preserves_input[falling]
FAILED tests/test_composite_indicator_contract.py::test_master_computes_all_seven_and_preserves_input[oscillating]
FAILED tests/test_composite_indicator_contract.py::test_master_computes_all_seven_and_preserves_input[flat]
FAILED tests/test_composite_indicator_contract.py::test_master_computes_all_seven_and_preserves_input[zero_volume]
FAILED tests/test_composite_indicator_contract.py::test_actual_ml_path_completes_composites_without_changing_other_features[rising-20]
FAILED tests/test_composite_indicator_contract.py::test_actual_ml_path_completes_composites_without_changing_other_features[rising-80]
FAILED tests/test_composite_indicator_contract.py::test_actual_ml_path_completes_composites_without_changing_other_features[falling-80]
FAILED tests/test_composite_indicator_contract.py::test_actual_ml_path_completes_composites_without_changing_other_features[oscillating-120]
FAILED tests/test_composite_indicator_contract.py::test_actual_ml_path_completes_composites_without_changing_other_features[flat-80]
FAILED tests/test_composite_indicator_contract.py::test_actual_ml_path_completes_composites_without_changing_other_features[zero_volume-80]
FAILED tests/test_composite_indicator_contract.py::test_actual_ml_path_completes_composites_without_changing_other_features[rising-500]
35 failed, 5 passed, 3 warnings in 0.82s
