.........................................                                [100%]
=============================== warnings summary ===============================
tests/test_composite_indicator_contract.py::test_actual_ml_path_completes_composites_without_changing_other_features[flat-80]
tests/test_composite_indicator_contract.py::test_actual_ml_path_completes_composites_without_changing_other_features[flat-80]
  /Users/marselkei/VS/intra/venv/lib/python3.12/site-packages/numpy/lib/_function_base_impl.py:3023: RuntimeWarning: invalid value encountered in divide
    c /= stddev[:, None]

tests/test_composite_indicator_contract.py::test_actual_ml_path_completes_composites_without_changing_other_features[flat-80]
tests/test_composite_indicator_contract.py::test_actual_ml_path_completes_composites_without_changing_other_features[flat-80]
  /Users/marselkei/VS/intra/venv/lib/python3.12/site-packages/numpy/lib/_function_base_impl.py:3024: RuntimeWarning: invalid value encountered in divide
    c /= stddev[None, :]

tests/test_composite_indicator_contract.py::test_actual_ml_path_completes_composites_without_changing_other_features[flat-80]
tests/test_composite_indicator_contract.py::test_actual_ml_path_completes_composites_without_changing_other_features[flat-80]
  /Users/marselkei/VS/intra/venv/lib/python3.12/site-packages/pandas/core/arraylike.py:402: RuntimeWarning: divide by zero encountered in log10
    result = getattr(ufunc, method)(*inputs, **kwargs)

-- Docs: https://docs.pytest.org/en/stable/how-to/capture-warnings.html
============================= slowest 10 durations =============================
0.32s call     tests/test_composite_indicator_contract.py::test_actual_ml_path_completes_composites_without_changing_other_features[rising-500]
0.11s call     tests/test_composite_indicator_contract.py::test_actual_ml_path_completes_composites_without_changing_other_features[oscillating-120]
0.10s call     tests/test_composite_indicator_contract.py::test_transient_composite_failure_falls_back_then_retries_identical_input
0.09s call     tests/test_composite_indicator_contract.py::test_actual_ml_path_completes_composites_without_changing_other_features[zero_volume-80]
0.09s call     tests/test_composite_indicator_contract.py::test_actual_ml_path_completes_composites_without_changing_other_features[falling-80]
0.09s call     tests/test_composite_indicator_contract.py::test_actual_ml_path_completes_composites_without_changing_other_features[rising-80]
0.08s call     tests/test_composite_indicator_contract.py::test_actual_ml_path_completes_composites_without_changing_other_features[flat-80]
0.06s call     tests/test_composite_indicator_contract.py::test_actual_ml_path_completes_composites_without_changing_other_features[rising-20]
0.02s call     tests/test_composite_indicator_contract.py::test_master_computes_all_seven_and_preserves_input[rising]
0.02s call     tests/test_composite_indicator_contract.py::test_master_computes_all_seven_and_preserves_input[zero_volume]
41 passed, 6 warnings in 1.34s
