Isolated test scratch: /private/tmp/intra-audit-test-3tfee73r
.........................F............................................F. [ 62%]
............................................                             [100%]
=================================== FAILURES ===================================
______ TestAlpacaMarketDataStreamAuthentication.test_authenticate_success ______

self = <unit.test_alpaca_market_data_stream_comprehensive.TestAlpacaMarketDataStreamAuthentication object at 0x10e57fcb0>
mock_websocket = <AsyncMock id='4640880784'>

    @pytest.mark.asyncio
    async def test_authenticate_success(self, mock_websocket):
        """Test successful authentication."""
        from backend.integrations.alpaca_market_data_stream import AlpacaMarketDataStream
    
        stream = AlpacaMarketDataStream(api_key="key", api_secret="secret")
        stream.websocket = mock_websocket
        mock_websocket.owner = stream
        stream.should_reconnect = False
    
        # Success response (array format)
        mock_websocket.recv.return_value = json.dumps([{
            "T": "success", "msg": "authenticated"
        }])
    
        result = await stream._authenticate()
    
>       assert result is True
E       assert False is True

tests/unit/test_alpaca_market_data_stream_comprehensive.py:290: AssertionError
------------------------------ Captured log call -------------------------------
WARNING  backend.integrations.alpaca_market_data_stream:alpaca_market_data_stream.py:247 Unexpected first message: {'T': 'success', 'msg': 'authenticated'}
_ TestAlpacaMarketDataStreamDisconnectOnAuthFail.test_connect_disconnects_on_auth_failure _

self = <unit.test_alpaca_market_data_stream_comprehensive.TestAlpacaMarketDataStreamDisconnectOnAuthFail object at 0x10e5dd2e0>
mock_websocket = <AsyncMock name='connect().__aenter__()' id='4640496992'>

    @pytest.mark.asyncio
    async def test_connect_disconnects_on_auth_failure(self, mock_websocket):
        """Failed authentication cleans resources without revoking retry intent."""
        from backend.integrations.alpaca_market_data_stream import AlpacaMarketDataStream
    
        stream = AlpacaMarketDataStream(api_key="key", api_secret="secret")
    
        with patch("websockets.connect", new_callable=AsyncMock) as mock_connect:
            mock_connect.return_value.__aenter__.return_value = mock_websocket
    
            with patch.object(stream, "_authenticate", return_value=False):
                with patch.object(stream, "disconnect") as mock_disconnect:
                    result = await stream.connect()
    
                    assert result is False
>                   mock_disconnect.assert_called_once()

tests/unit/test_alpaca_market_data_stream_comprehensive.py:1184: 
_ _ _ _ _ _ _ _ _ _ _ _ _ _ _ _ _ _ _ _ _ _ _ _ _ _ _ _ _ _ _ _ _ _ _ _ _ _ _ _ 

self = <AsyncMock name='disconnect' id='4640465520'>

    def assert_called_once(self):
        """assert that the mock was called only once.
        """
        if not self.call_count == 1:
            msg = ("Expected '%s' to have been called once. Called %s times.%s"
                   % (self._mock_name or 'mock',
                      self.call_count,
                      self._calls_repr()))
>           raise AssertionError(msg)
E           AssertionError: Expected 'disconnect' to have been called once. Called 0 times.

/opt/homebrew/Cellar/python@3.12/3.12.12_2/Frameworks/Python.framework/Versions/3.12/lib/python3.12/unittest/mock.py:928: AssertionError
=========================== short test summary info ============================
FAILED tests/unit/test_alpaca_market_data_stream_comprehensive.py::TestAlpacaMarketDataStreamAuthentication::test_authenticate_success
FAILED tests/unit/test_alpaca_market_data_stream_comprehensive.py::TestAlpacaMarketDataStreamDisconnectOnAuthFail::test_connect_disconnects_on_auth_failure
2 failed, 114 passed in 1.96s
