Isolated test scratch: /private/tmp/intra-audit-test-1sv1pzk7
..........................................FF                             [100%]
=================================== FAILURES ===================================
________ test_actual_full_save_and_initialize_keep_unresolved_identity _________

tmp_path = PosixPath('/private/tmp/intra-audit-test-1sv1pzk7/pytest-of-marselkei/pytest-0/test_actual_full_save_and_init0')
monkeypatch = <_pytest.monkeypatch.MonkeyPatch object at 0x116d9a0c0>

    @pytest.mark.asyncio
    async def test_actual_full_save_and_initialize_keep_unresolved_identity(tmp_path, monkeypatch):
        from tests.test_operator_controls import actual_engine, initialize_offline
        engine = actual_engine(tmp_path)
        await initialize_offline(engine)
        identity = str(uuid4())
        engine._pending_entry_order_ids = {'AAPL': identity}
        engine._pending_entry = {'AAPL': 0, 'NO_ID': 0}
        engine._tick_count = 500
        assert engine.force_save_brain()['success'] is True
        saved = engine.brain.brain_dir / 'portfolio.json'
>       assert saved.exists()
E       AssertionError: assert False
E        +  where False = exists()
E        +    where exists = PosixPath('/private/tmp/intra-audit-test-1sv1pzk7/pytest-of-marselkei/pytest-0/test_actual_full_save_and_init0/brain/portfolio.json').exists

tests/test_eod_pending_cancellation.py:280: AssertionError
----------------------------- Captured stdout call -----------------------------
  💾 Brain saved: generation 0, 0 trades
------------------------------ Captured log call -------------------------------
WARNING  backend.organism.trading_phase:trading_phase.py:200 Full production promotion blocked: reviewed_paper_baseline_requires_explicit_promotion
WARNING  backend.organism.live_engine:live_engine.py:7521 {"event": "FORCE SAVE requested at tick 500 \u2014 bypassing walk-forward gate", "logger": "backend.organism.live_engine", "level": "warning", "timestamp": "2026-09-27T18:34:24.324839Z"}
___ test_real_eod_tick_uses_supported_cancel_retains_uncertain_and_flattens ____

store = async_sessionmaker(class_='AsyncSession', bind=<sqlalchemy.ext.asyncio.engine.AsyncEngine object at 0x116df4710>, autoflush=True, expire_on_commit=False)
tmp_path = PosixPath('/private/tmp/intra-audit-test-1sv1pzk7/pytest-of-marselkei/pytest-0/test_real_eod_tick_uses_suppor0')
monkeypatch = <_pytest.monkeypatch.MonkeyPatch object at 0x117df3c20>

    @pytest.mark.asyncio
    @pytest.mark.timeout(60)
    async def test_real_eod_tick_uses_supported_cancel_retains_uncertain_and_flattens(store, tmp_path, monkeypatch):
        from backend.organism.adaptive_exits import ExitLevels
        from backend.organism.replay_simulator import SimulatedBroker, make_price_df
        from tests.test_organism_engine_scenarios import MockDataClient, _make_engine
        _, row, transport = await seeded(store)
        # Broker accepted DELETE but has not confirmed terminal; this ID must survive.
        transport.get_order.return_value = observed(row, 'pending_cancel')
        monkeypatch.setattr('backend.integrations.alpaca_broker.get_alpaca_broker_client', lambda: transport)
        frames = {symbol: make_price_df(n=250, base=100) for symbol in ('AAPL', 'MSFT', 'SPY')}
        broker = SimulatedBroker(initial_cash=100_000)
        engine = _make_engine(broker, MockDataClient(frames), brain_dir=str(tmp_path / 'eod-brain'))
        now = datetime(2026, 9, 22, 19, 59, tzinfo=UTC)
        engine._now_fn = lambda: now
        engine._time_fn = now.timestamp
        await engine.initialize()
        engine._sessionmaker = store
        engine._pending_entry_order_ids = {'AAPL': str(row.id)}
        engine._pending_entry = {'AAPL': 0}
        broker.add_position('MSFT', qty=10, avg_entry_price=100)
        broker.set_price('MSFT', 100)
        engine._exit_levels['MSFT'] = ExitLevels(symbol='MSFT', direction=1., entry_price=100,
            stop_loss=90, take_profit=120, trailing_stop=90, atr_at_entry=2,
            regime_at_entry='unknown', highest_favorable=100)
        engine._entry_metadata['MSFT'] = {'entry_price': 100., 'entry_tick': 0, 'direction': 1.,
            'confidence': .6, 'predicted_return': .02, 'filled_shares': 10, 'entry_source': 'alpha'}
        result = await engine.live_tick()
>       assert engine._eod_entry_blocked and engine._entries_blocked
               ^^^^^^^^^^^^^^^^^^^^^^^^^
E       AttributeError: 'OrganismLiveEngine' object has no attribute '_eod_entry_blocked'

tests/test_eod_pending_cancellation.py:324: AttributeError
------------------------------ Captured log call -------------------------------
WARNING  backend.organism.trading_phase:trading_phase.py:200 Full production promotion blocked: reviewed_paper_baseline_requires_explicit_promotion
WARNING  backend.organism.live_engine:live_engine.py:7828 {"event": "Pending entry resolution incomplete; attribution retained: ['cancellation_not_confirmed']", "logger": "backend.organism.live_engine", "level": "warning", "timestamp": "2026-09-27T18:34:24.693055Z"}
=========================== short test summary info ============================
FAILED tests/test_eod_pending_cancellation.py::test_actual_full_save_and_initialize_keep_unresolved_identity
FAILED tests/test_eod_pending_cancellation.py::test_real_eod_tick_uses_supported_cancel_retains_uncertain_and_flattens
2 failed, 42 passed in 2.61s
