Isolated test scratch: /private/tmp/intra-audit-test-jdjfkcu5
FFF                                                                      [100%]
=================================== FAILURES ===================================
____________ test_delayed_ack_cannot_overwrite_terminal_fill[None] _____________
/private/tmp/intra-delayed-ack-review/test_delayed_ack.py:38: in test_delayed_ack_cannot_overwrite_terminal_fill
    assert (current.status,current.filled_qty,current.avg_fill_price)==('filled',Decimal('10'),Decimal('100'))
E   AssertionError: assert ('submitted',...'100.000000')) == ('filled', De...ecimal('100'))
E     
E     At index 0 diff: 'submitted' != 'filled'
E     Use -v to get more diff
__________ test_delayed_ack_cannot_overwrite_terminal_fill[details1] ___________
/private/tmp/intra-delayed-ack-review/test_delayed_ack.py:38: in test_delayed_ack_cannot_overwrite_terminal_fill
    assert (current.status,current.filled_qty,current.avg_fill_price)==('filled',Decimal('10'),Decimal('100'))
E   AssertionError: assert ('submitted',...'100.000000')) == ('filled', De...ecimal('100'))
E     
E     At index 0 diff: 'submitted' != 'filled'
E     Use -v to get more diff
__________ test_delayed_ack_cannot_overwrite_terminal_fill[details2] ___________
/private/tmp/intra-delayed-ack-review/test_delayed_ack.py:38: in test_delayed_ack_cannot_overwrite_terminal_fill
    assert (current.status,current.filled_qty,current.avg_fill_price)==('filled',Decimal('10'),Decimal('100'))
E   AssertionError: assert ('submitted',...('90.000000')) == ('filled', De...ecimal('100'))
E     
E     At index 0 diff: 'submitted' != 'filled'
E     Use -v to get more diff
=========================== short test summary info ============================
FAILED ../../../../../../private/tmp/intra-delayed-ack-review/test_delayed_ack.py::test_delayed_ack_cannot_overwrite_terminal_fill[None]
FAILED ../../../../../../private/tmp/intra-delayed-ack-review/test_delayed_ack.py::test_delayed_ack_cannot_overwrite_terminal_fill[details1]
FAILED ../../../../../../private/tmp/intra-delayed-ack-review/test_delayed_ack.py::test_delayed_ack_cannot_overwrite_terminal_fill[details2]
3 failed in 0.65s
