Traceback (most recent call last):
  File "/Users/marselkei/VS/intra/scripts/phase2_freeze.py", line 307, in <module>
    raise SystemExit(main())
                     ^^^^^^
  File "/Users/marselkei/VS/intra/scripts/phase2_freeze.py", line 288, in main
    return verify(candidate=args.candidate)
           ^^^^^^^^^^^^^^^^^^^^^^^^^^^^^^^^
  File "/Users/marselkei/VS/intra/scripts/phase2_freeze.py", line 269, in verify
    current = compute_surface()
              ^^^^^^^^^^^^^^^^^
  File "/Users/marselkei/VS/intra/scripts/phase2_freeze.py", line 84, in compute_surface
    from backend.organism.alpha_scanner import AlphaScanner
  File "/Users/marselkei/VS/intra/backend/organism/alpha_scanner.py", line 28, in <module>
    from backend.utils.logger import get_logger
  File "/Users/marselkei/VS/intra/backend/utils/logger.py", line 414, in <module>
    audit_logger = AuditLogger()
                   ^^^^^^^^^^^^^
  File "/Users/marselkei/VS/intra/backend/utils/logger.py", line 224, in __init__
    file_handler = logging.FileHandler(self.log_file)
                   ^^^^^^^^^^^^^^^^^^^^^^^^^^^^^^^^^^
  File "/opt/homebrew/Cellar/python@3.12/3.12.12_2/Frameworks/Python.framework/Versions/3.12/lib/python3.12/logging/__init__.py", line 1231, in __init__
    StreamHandler.__init__(self, self._open())
                                 ^^^^^^^^^^^^
  File "/opt/homebrew/Cellar/python@3.12/3.12.12_2/Frameworks/Python.framework/Versions/3.12/lib/python3.12/logging/__init__.py", line 1263, in _open
    return open_func(self.baseFilename, self.mode,
           ^^^^^^^^^^^^^^^^^^^^^^^^^^^^^^^^^^^^^^^
PermissionError: [Errno 1] Operation not permitted: '/Users/marselkei/VS/intra/audit_trail.log'
