........................................................................ [ 93%]
.....                                                                    [100%]
=============================== warnings summary ===============================
tests/test_v13_w100_live_tick_coverage.py::test_w100_entries_gate_produces_orders_on_uptrend
  tests/test_v13_w100_live_tick_coverage.py:195: PytestWarning: record_property is incompatible with junit_family 'xunit2' (use 'legacy' or 'xunit1')
    @pytest.mark.timeout(60)

tests/test_v13_w100_live_tick_coverage.py::test_w100_entries_gate_produces_orders_on_uptrend
  <string>:15: RuntimeWarning: SECRET_KEY not set — using generated ephemeral key. Set SECRET_KEY env var for production.

tests/test_v13_w100_live_tick_coverage.py::test_w100_position_management_loop_produces_exits_on_downturn
  tests/test_v13_w100_live_tick_coverage.py:222: PytestWarning: record_property is incompatible with junit_family 'xunit2' (use 'legacy' or 'xunit1')
    @pytest.mark.timeout(60)

tests/test_v13_w100_live_tick_coverage.py::test_w100_eod_flattens_real_entered_position
  tests/test_v13_w100_live_tick_coverage.py:263: PytestWarning: record_property is incompatible with junit_family 'xunit2' (use 'legacy' or 'xunit1')
    @pytest.mark.timeout(60)

tests/test_scanner_streaming_integration.py::test_scanner_addition_waits_for_live_bar_retries_then_places_actual_order[None]
tests/test_scanner_streaming_integration.py::test_scanner_addition_waits_for_live_bar_retries_then_places_actual_order[bars]
tests/test_scanner_streaming_integration.py::test_scanner_addition_waits_for_live_bar_retries_then_places_actual_order[quotes]
  tests/test_scanner_streaming_integration.py:262: PytestWarning: record_property is incompatible with junit_family 'xunit2' (use 'legacy' or 'xunit1')
    @pytest.mark.timeout(60)

tests/test_scanner_streaming_integration.py::test_stale_or_failed_sync_keeps_held_symbol_and_real_eod_exit[stale]
tests/test_scanner_streaming_integration.py::test_stale_or_failed_sync_keeps_held_symbol_and_real_eod_exit[subscription_failure]
  tests/test_scanner_streaming_integration.py:289: PytestWarning: record_property is incompatible with junit_family 'xunit2' (use 'legacy' or 'xunit1')
    @pytest.mark.timeout(60)

-- Docs: https://docs.pytest.org/en/stable/how-to/capture-warnings.html
============================= slowest 10 durations =============================
2.27s call     tests/test_v13_w100_live_tick_coverage.py::test_w100_entries_gate_produces_orders_on_uptrend
1.98s call     tests/test_v13_w100_live_tick_coverage.py::test_w100_position_management_loop_produces_exits_on_downturn
1.51s call     tests/test_scanner_streaming_integration.py::test_stale_or_failed_sync_keeps_held_symbol_and_real_eod_exit[stale]
1.50s call     tests/test_scanner_streaming_integration.py::test_stale_or_failed_sync_keeps_held_symbol_and_real_eod_exit[subscription_failure]
1.24s call     tests/test_v13_w100_live_tick_coverage.py::test_w100_entries_gate_signals_generated_on_uptrend
1.16s call     tests/test_v13_w100_live_tick_coverage.py::test_w100_eod_flattens_real_entered_position
1.11s call     tests/test_scanner_streaming_integration.py::test_scanner_addition_waits_for_live_bar_retries_then_places_actual_order[None]
1.07s call     tests/test_scanner_streaming_integration.py::test_scanner_addition_waits_for_live_bar_retries_then_places_actual_order[quotes]
1.06s call     tests/test_scanner_streaming_integration.py::test_scanner_addition_waits_for_live_bar_retries_then_places_actual_order[bars]
0.75s call     tests/test_v13_w100_live_tick_coverage.py::test_w100_cached_feature_prefixes_match_real_visible_history
77 passed, 9 warnings in 17.69s
