........................................................................ [ 62%]
............................................                             [100%]
=============================== warnings summary ===============================
tests/test_pipeline_diagnostics.py::test_real_tick_alpha_counts_reconcile_without_entering_replay_hash
  <string>:15: RuntimeWarning: SECRET_KEY not set — using generated ephemeral key. Set SECRET_KEY env var for production.

tests/test_scanner_pipeline_integration.py::test_scanner_discovery_admits_entry_and_invalidates_pool[empty-most_actives]
tests/test_scanner_pipeline_integration.py::test_scanner_discovery_admits_entry_and_invalidates_pool[empty-mover]
tests/test_scanner_pipeline_integration.py::test_scanner_discovery_admits_entry_and_invalidates_pool[exception-most_actives]
tests/test_scanner_pipeline_integration.py::test_scanner_discovery_admits_entry_and_invalidates_pool[exception-mover]
  tests/test_scanner_pipeline_integration.py:11: PytestWarning: record_property is incompatible with junit_family 'xunit2' (use 'legacy' or 'xunit1')
    @pytest.mark.timeout(60)

tests/test_pipeline_freshness_recovery.py::test_stale_stream_blocks_new_entries_but_real_eod_exit_still_flattens
  tests/test_pipeline_freshness_recovery.py:365: PytestWarning: record_property is incompatible with junit_family 'xunit2' (use 'legacy' or 'xunit1')
    @pytest.mark.timeout(60)

-- Docs: https://docs.pytest.org/en/stable/how-to/capture-warnings.html
============================= slowest 10 durations =============================
1.23s call     tests/test_scanner_pipeline_integration.py::test_successful_empty_scan_resets_failure_streak_in_real_ticks[discovery_http]
1.23s call     tests/test_scanner_pipeline_integration.py::test_successful_empty_scan_resets_failure_streak_in_real_ticks[discovery_timeout]
1.21s call     tests/test_scanner_pipeline_integration.py::test_successful_empty_scan_resets_failure_streak_in_real_ticks[snapshot_http]
1.10s call     tests/test_pipeline_freshness_recovery.py::test_stale_stream_blocks_new_entries_but_real_eod_exit_still_flattens
0.82s call     tests/test_pipeline_diagnostics.py::test_real_tick_alpha_counts_reconcile_without_entering_replay_hash
0.75s call     tests/test_scanner_pipeline_integration.py::test_scanner_discovery_admits_entry_and_invalidates_pool[empty-mover]
0.73s call     tests/test_scanner_pipeline_integration.py::test_scanner_discovery_admits_entry_and_invalidates_pool[exception-mover]
0.72s call     tests/test_scanner_pipeline_integration.py::test_scanner_discovery_admits_entry_and_invalidates_pool[empty-most_actives]
0.72s call     tests/test_scanner_pipeline_integration.py::test_scanner_discovery_admits_entry_and_invalidates_pool[exception-most_actives]
0.04s call     tests/test_entry_freshness.py::test_real_tick_callers_share_gate_and_stale_is_normal_skip[rest-60-alpha]
116 passed, 6 warnings in 10.78s
