.........FFFFFF.............                                             [100%]
=================================== FAILURES ===================================
_ test_actual_alpha_route_reports_first_terminal_reason[streaming_receipt_age-21.0-0.5-chop-False-False] _
tests/test_pipeline_diagnostics.py:163: in test_actual_alpha_route_reports_first_terminal_reason
    assert result.orders_submitted == []
E   AssertionError: assert 0 == []
E    +  where 0 = LiveTickResult(timestamp='2026-09-22T16:00:00+00:00', regime='chop', signals_generated=0, orders_submitted=0, exits_ch...k_count': 0, 'current_streak': 0}, 'universe_drift': {}, 'brain_save': {'ticks_since_last_save': 11, 'healthy': True}}).orders_submitted
------------------------------ Captured log call -------------------------------
WARNING  backend.organism.trading_phase:trading_phase.py:200 Full production promotion blocked: reviewed_paper_baseline_requires_explicit_promotion
_ test_actual_alpha_route_reports_first_terminal_reason[below_main_confidence-0.0-0.5-chop-False-False] _
tests/test_pipeline_diagnostics.py:163: in test_actual_alpha_route_reports_first_terminal_reason
    assert result.orders_submitted == []
E   AssertionError: assert 0 == []
E    +  where 0 = LiveTickResult(timestamp='2026-09-22T16:00:00+00:00', regime='chop', signals_generated=0, orders_submitted=0, exits_ch...k_count': 0, 'current_streak': 0}, 'universe_drift': {}, 'brain_save': {'ticks_since_last_save': 11, 'healthy': True}}).orders_submitted
------------------------------ Captured log call -------------------------------
WARNING  backend.organism.trading_phase:trading_phase.py:200 Full production promotion blocked: reviewed_paper_baseline_requires_explicit_promotion
_ test_actual_alpha_route_reports_first_terminal_reason[below_exploration_confidence-0.0-0.1-chop-False-False] _
tests/test_pipeline_diagnostics.py:163: in test_actual_alpha_route_reports_first_terminal_reason
    assert result.orders_submitted == []
E   AssertionError: assert 0 == []
E    +  where 0 = LiveTickResult(timestamp='2026-09-22T16:00:00+00:00', regime='chop', signals_generated=0, orders_submitted=0, exits_ch...k_count': 0, 'current_streak': 0}, 'universe_drift': {}, 'brain_save': {'ticks_since_last_save': 11, 'healthy': True}}).orders_submitted
------------------------------ Captured log call -------------------------------
WARNING  backend.organism.trading_phase:trading_phase.py:200 Full production promotion blocked: reviewed_paper_baseline_requires_explicit_promotion
_ test_actual_alpha_route_reports_first_terminal_reason[heuristic-21.0-0.5-trending_down-True-True] _
tests/test_pipeline_diagnostics.py:163: in test_actual_alpha_route_reports_first_terminal_reason
    assert result.orders_submitted == []
E   AssertionError: assert 0 == []
E    +  where 0 = LiveTickResult(timestamp='2026-09-22T16:00:00+00:00', regime='trending_down', signals_generated=0, orders_submitted=0,...k_count': 0, 'current_streak': 0}, 'universe_drift': {}, 'brain_save': {'ticks_since_last_save': 11, 'healthy': True}}).orders_submitted
------------------------------ Captured log call -------------------------------
WARNING  backend.organism.trading_phase:trading_phase.py:200 Full production promotion blocked: reviewed_paper_baseline_requires_explicit_promotion
_ test_actual_alpha_route_reports_first_terminal_reason[regime_cooldown-21.0-0.5-chop-True-False] _
tests/test_pipeline_diagnostics.py:163: in test_actual_alpha_route_reports_first_terminal_reason
    assert result.orders_submitted == []
E   AssertionError: assert 0 == []
E    +  where 0 = LiveTickResult(timestamp='2026-09-22T16:00:00+00:00', regime='chop', signals_generated=0, orders_submitted=0, exits_ch...k_count': 0, 'current_streak': 0}, 'universe_drift': {}, 'brain_save': {'ticks_since_last_save': 11, 'healthy': True}}).orders_submitted
------------------------------ Captured log call -------------------------------
WARNING  backend.organism.trading_phase:trading_phase.py:200 Full production promotion blocked: reviewed_paper_baseline_requires_explicit_promotion
_ test_actual_alpha_route_reports_first_terminal_reason[trending_down-21.0-0.5-trending_down-True-False] _
tests/test_pipeline_diagnostics.py:163: in test_actual_alpha_route_reports_first_terminal_reason
    assert result.orders_submitted == []
E   AssertionError: assert 0 == []
E    +  where 0 = LiveTickResult(timestamp='2026-09-22T16:00:00+00:00', regime='trending_down', signals_generated=0, orders_submitted=0,...k_count': 0, 'current_streak': 0}, 'universe_drift': {}, 'brain_save': {'ticks_since_last_save': 11, 'healthy': True}}).orders_submitted
------------------------------ Captured log call -------------------------------
WARNING  backend.organism.trading_phase:trading_phase.py:200 Full production promotion blocked: reviewed_paper_baseline_requires_explicit_promotion
=============================== warnings summary ===============================
tests/test_pipeline_diagnostics.py::test_real_tick_alpha_counts_reconcile_without_entering_replay_hash
  <string>:15: RuntimeWarning: SECRET_KEY not set — using generated ephemeral key. Set SECRET_KEY env var for production.

tests/test_scanner_streaming_integration.py::test_scanner_addition_waits_for_live_bar_retries_then_places_actual_order[None]
tests/test_scanner_streaming_integration.py::test_scanner_addition_waits_for_live_bar_retries_then_places_actual_order[bars]
tests/test_scanner_streaming_integration.py::test_scanner_addition_waits_for_live_bar_retries_then_places_actual_order[quotes]
  tests/test_scanner_streaming_integration.py:262: PytestWarning: record_property is incompatible with junit_family 'xunit2' (use 'legacy' or 'xunit1')
    @pytest.mark.timeout(60)

tests/test_scanner_streaming_integration.py::test_stale_or_failed_sync_keeps_held_symbol_and_real_eod_exit[stale]
tests/test_scanner_streaming_integration.py::test_stale_or_failed_sync_keeps_held_symbol_and_real_eod_exit[subscription_failure]
  tests/test_scanner_streaming_integration.py:290: PytestWarning: record_property is incompatible with junit_family 'xunit2' (use 'legacy' or 'xunit1')
    @pytest.mark.timeout(60)

-- Docs: https://docs.pytest.org/en/stable/how-to/capture-warnings.html
============================= slowest 10 durations =============================
1.60s call     tests/test_scanner_streaming_integration.py::test_stale_or_failed_sync_keeps_held_symbol_and_real_eod_exit[stale]
1.49s call     tests/test_scanner_streaming_integration.py::test_stale_or_failed_sync_keeps_held_symbol_and_real_eod_exit[subscription_failure]
1.17s call     tests/test_scanner_streaming_integration.py::test_scanner_addition_waits_for_live_bar_retries_then_places_actual_order[bars]
1.13s call     tests/test_scanner_streaming_integration.py::test_scanner_addition_waits_for_live_bar_retries_then_places_actual_order[quotes]
1.06s call     tests/test_scanner_streaming_integration.py::test_scanner_addition_waits_for_live_bar_retries_then_places_actual_order[None]
0.85s call     tests/test_pipeline_diagnostics.py::test_real_tick_alpha_counts_reconcile_without_entering_replay_hash
0.03s call     tests/test_pipeline_diagnostics.py::test_actual_alpha_route_reports_first_terminal_reason[streaming_receipt_age-21.0-0.5-chop-False-False]
0.01s call     tests/test_scanner_streaming_integration.py::test_subscription_wait_has_bounded_deadline_and_fails_closed
0.01s call     tests/test_pipeline_diagnostics.py::test_actual_alpha_route_reports_first_terminal_reason[below_exploration_confidence-0.0-0.1-chop-False-False]
0.01s call     tests/test_pipeline_diagnostics.py::test_actual_alpha_route_reports_first_terminal_reason[trending_down-21.0-0.5-trending_down-True-False]
=========================== short test summary info ============================
FAILED tests/test_pipeline_diagnostics.py::test_actual_alpha_route_reports_first_terminal_reason[streaming_receipt_age-21.0-0.5-chop-False-False]
FAILED tests/test_pipeline_diagnostics.py::test_actual_alpha_route_reports_first_terminal_reason[below_main_confidence-0.0-0.5-chop-False-False]
FAILED tests/test_pipeline_diagnostics.py::test_actual_alpha_route_reports_first_terminal_reason[below_exploration_confidence-0.0-0.1-chop-False-False]
FAILED tests/test_pipeline_diagnostics.py::test_actual_alpha_route_reports_first_terminal_reason[heuristic-21.0-0.5-trending_down-True-True]
FAILED tests/test_pipeline_diagnostics.py::test_actual_alpha_route_reports_first_terminal_reason[regime_cooldown-21.0-0.5-chop-True-False]
FAILED tests/test_pipeline_diagnostics.py::test_actual_alpha_route_reports_first_terminal_reason[trending_down-21.0-0.5-trending_down-True-False]
6 failed, 22 passed, 6 warnings in 8.46s
