......................................F.....                             [100%]
=================================== FAILURES ===================================
_______________ test_readiness_503_cannot_grant_watchdog_restart _______________
tests/test_readiness_contract.py:283: in test_readiness_503_cannot_grant_watchdog_restart
    assert module.choose_recovery(observation) is None
           ^^^^^^^^^^^^^^^^^^^^^^^^^^^^^^^^^^^
E   TypeError: choose_recovery() missing 1 required positional argument: 'reopen_docker'
=============================== warnings summary ===============================
<string>:15
  <string>:15: RuntimeWarning: SECRET_KEY not set — using generated ephemeral key. Set SECRET_KEY env var for production.

-- Docs: https://docs.pytest.org/en/stable/how-to/capture-warnings.html
============================= slowest 10 durations =============================
0.74s call     tests/test_readiness_contract.py::test_actual_scheduler_start_resets_old_session_clocks
0.20s call     tests/test_readiness_contract.py::test_actual_probe_deadline_and_cleanup[True-1-broker]
0.20s call     tests/test_readiness_contract.py::test_actual_probe_deadline_and_cleanup[False-1-broker]
0.11s call     tests/test_readiness_contract.py::test_actual_probe_deadline_and_cleanup[True-0-database]
0.10s call     tests/test_readiness_contract.py::test_actual_probe_deadline_and_cleanup[False-0-database]
0.01s teardown tests/test_readiness_contract.py::test_actual_probe_deadline_and_cleanup[True-0-database]

(4 durations < 0.005s hidden.  Use -vv to show these durations.)
=========================== short test summary info ============================
FAILED tests/test_readiness_contract.py::test_readiness_503_cannot_grant_watchdog_restart
1 failed, 43 passed, 1 warning in 2.24s
