........................................................................ [ 52%]
..................................................................       [100%]
=============================== warnings summary ===============================
tests/test_organism_live_engine.py::TestOrganismLiveEngine::test_initialize_fresh
  <string>:15: RuntimeWarning: SECRET_KEY not set — using generated ephemeral key. Set SECRET_KEY env var for production.

tests/test_organism_engine_scenarios.py::test_missing_exit_levels_triggers_safety_net
  /Users/marselkei/VS/intra/venv/lib/python3.12/site-packages/numpy/lib/_function_base_impl.py:3023: RuntimeWarning: invalid value encountered in divide
    c /= stddev[:, None]

tests/test_organism_engine_scenarios.py::test_missing_exit_levels_triggers_safety_net
  /Users/marselkei/VS/intra/venv/lib/python3.12/site-packages/numpy/lib/_function_base_impl.py:3024: RuntimeWarning: invalid value encountered in divide
    c /= stddev[None, :]

-- Docs: https://docs.pytest.org/en/stable/how-to/capture-warnings.html
============================= slowest 10 durations =============================
24.45s call     tests/test_replay_simulator.py::test_replay_trades_have_valid_pnl
24.43s call     tests/test_replay_simulator.py::test_replay_completes_100_ticks
24.13s call     tests/test_replay_simulator.py::test_replay_intraday_timeframe_uses_tight_stops
24.08s call     tests/test_replay_simulator.py::test_replay_no_throttle_blocking
23.56s call     tests/test_replay_simulator.py::test_replay_throttle_actually_blocks_at_low_limit
11.39s call     tests/test_replay_simulator.py::test_replay_daily_timeframe_uses_wider_stops
11.13s call     tests/test_replay_simulator.py::test_replay_with_crash_data
10.16s call     tests/test_organism_engine_scenarios.py::test_brain_save_interval_20_ticks
7.86s call     tests/test_organism_engine_scenarios.py::test_regime_stability_over_20_ticks
5.36s call     tests/test_organism_live_engine.py::TestMultiRunRegression::test_brain_persistence_across_runs
138 passed, 3 warnings in 204.22s (0:03:24)
