........................................................................ [ 93%]
.....                                                                    [100%]
=============================== warnings summary ===============================
tests/test_broker_ack_reconciliation.py::test_restart_preserves_full_marker_and_original_key[False]
  <string>:15: RuntimeWarning: SECRET_KEY not set — using generated ephemeral key. Set SECRET_KEY env var for production.

tests/test_adversarial_inputs_v7.py::test_bar_negative_volume_silently_accepted
  /Users/marselkei/VS/intra/venv/lib/python3.12/site-packages/pandas/core/arraylike.py:402: RuntimeWarning: invalid value encountered in log1p
    result = getattr(ufunc, method)(*inputs, **kwargs)

tests/test_adversarial_inputs_v7.py::test_bar_negative_price_does_not_crash
tests/test_adversarial_inputs_v7.py::test_bar_negative_price_does_not_crash
  /Users/marselkei/VS/intra/venv/lib/python3.12/site-packages/pandas/core/arraylike.py:402: RuntimeWarning: invalid value encountered in log
    result = getattr(ufunc, method)(*inputs, **kwargs)

tests/test_adversarial_inputs_v7.py::test_bar_single_row_does_not_crash
  /Users/marselkei/VS/intra/venv/lib/python3.12/site-packages/pandas/core/arraylike.py:402: RuntimeWarning: divide by zero encountered in log10
    result = getattr(ufunc, method)(*inputs, **kwargs)

-- Docs: https://docs.pytest.org/en/stable/how-to/capture-warnings.html
============================= slowest 10 durations =============================
0.69s call     tests/test_adversarial_inputs_v7.py::test_ml_predict_before_training_returns_neutral
0.10s call     tests/test_adversarial_inputs_v7.py::test_bar_frozen_100_bars
0.10s call     tests/test_adversarial_inputs_v7.py::test_ws_handler_handles_null_filled_qty
0.08s call     tests/test_adversarial_inputs_v7.py::test_bar_ts_uses_utc_for_dst_safety
0.06s call     tests/test_adversarial_inputs_v7.py::test_bar_duplicate_timestamps_does_not_crash
0.06s call     tests/test_adversarial_inputs_v7.py::test_bar_inf_volume_replaced
0.06s call     tests/test_adversarial_inputs_v7.py::test_ml_predict_extreme_outlier_safe
0.06s call     tests/test_adversarial_inputs_v7.py::test_bar_negative_price_does_not_crash
0.06s call     tests/test_adversarial_inputs_v7.py::test_bar_50pct_gap_computed
0.06s call     tests/test_adversarial_inputs_v7.py::test_bar_nan_close_propagates_to_missingness_gate
77 passed, 5 warnings in 2.18s
