FFF                                                                      [100%]
=================================== FAILURES ===================================
___ test_real_provider_shapes_reach_one_snapshot_batch_and_return_candidates ___
tests/test_market_scanner_provider_contract.py:56: in test_real_provider_shapes_reach_one_snapshot_batch_and_return_candidates
    assert await scanner.scan() == ["AAPL", "META", "AMD"]
E   AssertionError: assert [] == ['AAPL', 'META', 'AMD']
E     
E     Right contains 3 more items, first extra item: 'AAPL'
E     Use -v to get more diff
------------------------------ Captured log call -------------------------------
WARNING  backend.organism.market_scanner:market_scanner.py:410 {"event": "Scanner: no stocks passed initial filters", "logger": "backend.organism.market_scanner", "level": "warning", "timestamp": "2026-09-23T05:31:10.757985Z"}
___________ test_failed_discovery_clears_old_candidates_and_details ____________
tests/test_market_scanner_provider_contract.py:70: in test_failed_discovery_clears_old_candidates_and_details
    assert await scanner.scan() == []
E   AssertionError: assert ['PREVIOUS'] == []
E     
E     Left contains one more item: 'PREVIOUS'
E     Use -v to get more diff
------------------------------ Captured log call -------------------------------
WARNING  backend.organism.market_scanner:market_scanner.py:410 {"event": "Scanner: no stocks passed initial filters", "logger": "backend.organism.market_scanner", "level": "warning", "timestamp": "2026-09-23T05:31:10.773270Z"}
___ test_partial_snapshot_response_keeps_only_complete_qualified_candidates ____
tests/test_market_scanner_provider_contract.py:85: in test_partial_snapshot_response_keeps_only_complete_qualified_candidates
    assert await scanner.scan() == ["VALID"]
E   AssertionError: assert [] == ['VALID']
E     
E     Right contains one more item: 'VALID'
E     Use -v to get more diff
------------------------------ Captured log call -------------------------------
WARNING  backend.organism.market_scanner:market_scanner.py:410 {"event": "Scanner: no stocks passed initial filters", "logger": "backend.organism.market_scanner", "level": "warning", "timestamp": "2026-09-23T05:31:10.775071Z"}
=========================== short test summary info ============================
FAILED tests/test_market_scanner_provider_contract.py::test_real_provider_shapes_reach_one_snapshot_batch_and_return_candidates
FAILED tests/test_market_scanner_provider_contract.py::test_failed_discovery_clears_old_candidates_and_details
FAILED tests/test_market_scanner_provider_contract.py::test_partial_snapshot_response_keeps_only_complete_qualified_candidates
3 failed in 0.10s
