........................................................................ [ 34%]
........................................................................ [ 69%]
.............................................................F           [100%]
=================================== FAILURES ===================================
________ test_successful_empty_scan_resets_failure_streak_in_real_ticks ________
tests/test_scanner_pipeline_integration.py:152: in test_successful_empty_scan_resets_failure_streak_in_real_ticks
    assert [(row["tick"], row["failures"], row["last_success"]) for row in observations] == [
E   assert [(6, 1, None)...(18, 2, None)] == [(6, 1, None)..., (18, 1, 12)]
E     
E     At index 1 diff: (12, 1, None) != (12, 0, 12)
E     Use -v to get more diff
----------------------------- Captured stdout call -----------------------------
  💾 Brain saved: generation 0, 1 trades, equity $999,506
  💾 Brain saved: generation 0, 2 trades, equity $999,026
  💾 Brain saved: generation 0, 2 trades, equity $999,026
------------------------------ Captured log call -------------------------------
WARNING  backend.organism.replay_simulator:replay_simulator.py:710 {"event": "OPTIMISTIC FILL MODE: same_bar_fills=True half_spread=None slippage_bps=5 \u2014 results overstate performance and are NOT valid promotion evidence (use cost_profile='realistic').", "logger": "backend.organism.replay_simulator", "level": "warning", "timestamp": "2026-09-23T07:33:50.776145Z"}
WARNING  backend.organism.trading_phase:trading_phase.py:200 Full production promotion blocked: reviewed_paper_baseline_requires_explicit_promotion
WARNING  backend.organism.live_engine:live_engine.py:3026 {"event": "Market scan failed: synthetic provider boundary failure", "logger": "backend.organism.live_engine", "level": "warning", "timestamp": "2026-09-23T07:33:50.932632Z"}
WARNING  backend.organism.market_scanner:market_scanner.py:481 {"event": "Scanner: no stocks passed initial filters", "logger": "backend.organism.market_scanner", "level": "warning", "timestamp": "2026-09-23T07:33:51.116389Z"}
WARNING  backend.organism.live_engine:live_engine.py:3026 {"event": "Market scan failed: synthetic provider boundary failure", "logger": "backend.organism.live_engine", "level": "warning", "timestamp": "2026-09-23T07:33:51.312942Z"}
=============================== warnings summary ===============================
tests/test_pipeline_freshness_recovery.py::test_stale_stream_blocks_new_entries_but_real_eod_exit_still_flattens
  tests/test_pipeline_freshness_recovery.py:365: PytestWarning: record_property is incompatible with junit_family 'xunit2' (use 'legacy' or 'xunit1')
    @pytest.mark.timeout(60)

tests/test_pipeline_freshness_recovery.py::test_stale_stream_blocks_new_entries_but_real_eod_exit_still_flattens
  <string>:15: RuntimeWarning: SECRET_KEY not set — using generated ephemeral key. Set SECRET_KEY env var for production.

tests/test_scanner_pipeline_integration.py::test_scanner_discovery_admits_entry_and_invalidates_pool[empty-most_actives]
tests/test_scanner_pipeline_integration.py::test_scanner_discovery_admits_entry_and_invalidates_pool[empty-mover]
tests/test_scanner_pipeline_integration.py::test_scanner_discovery_admits_entry_and_invalidates_pool[exception-most_actives]
tests/test_scanner_pipeline_integration.py::test_scanner_discovery_admits_entry_and_invalidates_pool[exception-mover]
  tests/test_scanner_pipeline_integration.py:11: PytestWarning: record_property is incompatible with junit_family 'xunit2' (use 'legacy' or 'xunit1')
    @pytest.mark.timeout(60)

-- Docs: https://docs.pytest.org/en/stable/how-to/capture-warnings.html
=========================== short test summary info ============================
FAILED tests/test_scanner_pipeline_integration.py::test_successful_empty_scan_resets_failure_streak_in_real_ticks
1 failed, 205 passed, 6 warnings in 8.16s
