F                                                                        [100%]
=================================== FAILURES ===================================
________ test_successful_empty_scan_resets_failure_streak_in_real_ticks ________
tests/test_scanner_pipeline_integration.py:152: in test_successful_empty_scan_resets_failure_streak_in_real_ticks
    assert [(row["tick"], row["failures"], row["last_success"]) for row in observations] == [
E   assert [(6, 1, None)...(18, 2, None)] == [(6, 1, None)..., (18, 1, 12)]
E     
E     At index 1 diff: (12, 1, None) != (12, 0, 12)
E     Use -v to get more diff
----------------------------- Captured stdout call -----------------------------
  💾 Brain saved: generation 0, 1 trades, equity $999,506
  💾 Brain saved: generation 0, 2 trades, equity $999,026
  💾 Brain saved: generation 0, 2 trades, equity $999,026
------------------------------ Captured log call -------------------------------
WARNING  backend.organism.replay_simulator:replay_simulator.py:710 {"event": "OPTIMISTIC FILL MODE: same_bar_fills=True half_spread=None slippage_bps=5 \u2014 results overstate performance and are NOT valid promotion evidence (use cost_profile='realistic').", "logger": "backend.organism.replay_simulator", "level": "warning", "timestamp": "2026-09-23T07:32:50.254505Z"}
WARNING  backend.organism.trading_phase:trading_phase.py:200 Full production promotion blocked: reviewed_paper_baseline_requires_explicit_promotion
WARNING  backend.organism.live_engine:live_engine.py:3026 {"event": "Market scan failed: synthetic provider boundary failure", "logger": "backend.organism.live_engine", "level": "warning", "timestamp": "2026-09-23T07:32:50.659787Z"}
WARNING  backend.organism.market_scanner:market_scanner.py:481 {"event": "Scanner: no stocks passed initial filters", "logger": "backend.organism.market_scanner", "level": "warning", "timestamp": "2026-09-23T07:32:50.844947Z"}
WARNING  backend.organism.live_engine:live_engine.py:3026 {"event": "Market scan failed: synthetic provider boundary failure", "logger": "backend.organism.live_engine", "level": "warning", "timestamp": "2026-09-23T07:32:51.043213Z"}
=============================== warnings summary ===============================
tests/test_scanner_pipeline_integration.py::test_successful_empty_scan_resets_failure_streak_in_real_ticks
  <string>:15: RuntimeWarning: SECRET_KEY not set — using generated ephemeral key. Set SECRET_KEY env var for production.

-- Docs: https://docs.pytest.org/en/stable/how-to/capture-warnings.html
============================= slowest 10 durations =============================
1.90s call     tests/test_scanner_pipeline_integration.py::test_successful_empty_scan_resets_failure_streak_in_real_ticks

(2 durations < 0.005s hidden.  Use -vv to show these durations.)
=========================== short test summary info ============================
FAILED tests/test_scanner_pipeline_integration.py::test_successful_empty_scan_resets_failure_streak_in_real_ticks
1 failed, 1 warning in 2.15s
