...................................................................FFFFF [ 97%]
F.                                                                       [100%]
=================================== FAILURES ===================================
_ test_real_tick_callers_share_gate_and_stale_is_normal_skip[streaming-60-alpha] _

tmp_path = PosixPath('/private/var/folders/52/1b3lnm3n5252r2cynmqgzhlc0000gn/T/pytest-of-marselkei/pytest-118/test_real_tick_callers_share_g6')
monkeypatch = <_pytest.monkeypatch.MonkeyPatch object at 0x112f88380>
path = 'alpha', age = 60, source = 'streaming'

    @pytest.mark.parametrize("path", ["alpha", "breakout", "pyramid"])
    @pytest.mark.parametrize("age", [60, 121])
    @pytest.mark.parametrize("source", ["rest", "streaming"])
    async def test_real_tick_callers_share_gate_and_stale_is_normal_skip(tmp_path, monkeypatch, path, age, source):
        from backend.organism.alpha_scanner import AlphaCandidate
        from backend.organism.breakout_scanner import BreakoutSignal
        from backend.organism.kelly_sizer import PositionSize
        from backend.organism.ml_signal import MLSignal
        from backend.organism.pyramider import PyramidLevel, PyramidPosition
        from backend.organism.replay_simulator import SimulatedBroker
        from tests.test_organism_engine_scenarios import MockDataClient, _make_engine
    
        monkeypatch.setattr("backend.organism.live_engine.FRAMEWORK_ROUTING_V2_ENABLED", False)
        monkeypatch.setattr("backend.organism.live_engine.FRAMEWORK_ROUTING_ENABLED", False)
        features = {s: frame_at(NOW - timedelta(seconds=age), 120) for s in ("AAPL", "MSFT", "SPY")}
        for frame in features.values():
            frame["_nan_missingness"] = 0.
        broker = SimulatedBroker()
        engine = _make_engine(broker, MockDataClient(features), str(tmp_path / "tick-brain"))
        engine._timeframe = "1Min"
        engine._now_fn = lambda: NOW
        engine._time_fn = NOW.timestamp
        await engine.initialize()
        engine._tick_count = 10
        engine._fetch_and_compute_features = AsyncMock(return_value=features)
        engine._reconcile_fills = AsyncMock()  # Outcome accounting is independently covered.
        engine.regime_detector.detect = MagicMock(return_value=SimpleNamespace(primary="trending_up", confidence=.9))
        engine._streaming_provider = None if source == "rest" else MagicMock()
        if source == "streaming":
            engine._streaming_provider.get_bar_age.return_value = 0.
            engine._streaming_provider.is_ready.return_value = True
            engine._streaming_provider.get_latest_quote.return_value = {"bid": 99., "ask": 100.}
        signal = MLSignal(symbol="AAPL", direction=1, confidence=.9, predicted_return=.02,
                          raw_confidence=.9, effective_confidence=.9)
        engine.signal_gen.predict_batch = MagicMock(return_value={"AAPL": signal})
        engine.alpha_scanner.scan = MagicMock(return_value=[AlphaCandidate(
            symbol="AAPL", composite_score=.9, breakout_score=.9, ml_signal=signal,
            direction=1, expected_return_source="ml")] if path == "alpha" else [])
        engine.breakout_scanner.scan = MagicMock(return_value=[BreakoutSignal(
            symbol="AAPL", composite_score=.9, squeeze_score=.9, volume_score=.9,
            contraction_score=.9, rs_score=.9, pivot_score=.9, flow_score=.9,
            direction=1, squeeze_fired=True, volume_ratio=2)] if path in ("alpha", "breakout") else [])
        engine.kelly_sizer.size_positions = MagicMock(side_effect=lambda candidates, *a, **kw: [
            PositionSize(symbol=c["symbol"], direction=1., shares=10, notional=1000.,
                         target_weight=.01, kelly_raw=.01, kelly_half=.005,
                         drawdown_scale=1., vol_scale=1., regime_scale=1., confidence=.9,
                         predicted_return=.02, breakout_score=.9) for c in candidates])
        broker.set_price("AAPL", 100.)
        if path == "pyramid":
            broker.add_position("AAPL", qty=10, avg_entry_price=100.)
            engine._entry_metadata["AAPL"] = {"entry_source": "alpha", "entry_price": 100.,
                                              "entry_tick": 1, "direction": 1., "filled_shares": 10}
            engine._pyramid_positions["AAPL"] = PyramidPosition(
                symbol="AAPL", direction=1., layers=[PyramidLevel(10, 100., 1, 0)],
                target_total_shares=20, atr_at_entry=2., initial_stop=90., current_stop=90.)
            engine.pyramider.check_pyramid = MagicMock(return_value=SimpleNamespace(action="add", shares_to_add=2))
        result = await engine.live_tick()
        assert result.errors == []
        assert engine._ml_isolation_mode and engine._fixed_risk_sizing_mode
        entries = [order for order in broker.filled_orders if order["side"] == "buy"]
        if age == 60:
>           assert len(entries) == 1 and result.orders_submitted == 1
E           assert (0 == 1)
E            +  where 0 = len([])

tests/test_entry_freshness.py:253: AssertionError
------------------------------ Captured log call -------------------------------
WARNING  backend.organism.trading_phase:trading_phase.py:200 Full production promotion blocked: reviewed_paper_baseline_requires_explicit_promotion
WARNING  backend.organism.live_engine:live_engine.py:2676 {"event": "Stale-data check failed \u2014 entries blocked: '>' not supported between instances of 'MagicMock' and 'float'", "logger": "backend.organism.live_engine", "level": "warning", "timestamp": "2026-09-23T05:38:55.469518Z"}
_ test_real_tick_callers_share_gate_and_stale_is_normal_skip[streaming-60-breakout] _

tmp_path = PosixPath('/private/var/folders/52/1b3lnm3n5252r2cynmqgzhlc0000gn/T/pytest-of-marselkei/pytest-118/test_real_tick_callers_share_g7')
monkeypatch = <_pytest.monkeypatch.MonkeyPatch object at 0x110fb0410>
path = 'breakout', age = 60, source = 'streaming'

    @pytest.mark.parametrize("path", ["alpha", "breakout", "pyramid"])
    @pytest.mark.parametrize("age", [60, 121])
    @pytest.mark.parametrize("source", ["rest", "streaming"])
    async def test_real_tick_callers_share_gate_and_stale_is_normal_skip(tmp_path, monkeypatch, path, age, source):
        from backend.organism.alpha_scanner import AlphaCandidate
        from backend.organism.breakout_scanner import BreakoutSignal
        from backend.organism.kelly_sizer import PositionSize
        from backend.organism.ml_signal import MLSignal
        from backend.organism.pyramider import PyramidLevel, PyramidPosition
        from backend.organism.replay_simulator import SimulatedBroker
        from tests.test_organism_engine_scenarios import MockDataClient, _make_engine
    
        monkeypatch.setattr("backend.organism.live_engine.FRAMEWORK_ROUTING_V2_ENABLED", False)
        monkeypatch.setattr("backend.organism.live_engine.FRAMEWORK_ROUTING_ENABLED", False)
        features = {s: frame_at(NOW - timedelta(seconds=age), 120) for s in ("AAPL", "MSFT", "SPY")}
        for frame in features.values():
            frame["_nan_missingness"] = 0.
        broker = SimulatedBroker()
        engine = _make_engine(broker, MockDataClient(features), str(tmp_path / "tick-brain"))
        engine._timeframe = "1Min"
        engine._now_fn = lambda: NOW
        engine._time_fn = NOW.timestamp
        await engine.initialize()
        engine._tick_count = 10
        engine._fetch_and_compute_features = AsyncMock(return_value=features)
        engine._reconcile_fills = AsyncMock()  # Outcome accounting is independently covered.
        engine.regime_detector.detect = MagicMock(return_value=SimpleNamespace(primary="trending_up", confidence=.9))
        engine._streaming_provider = None if source == "rest" else MagicMock()
        if source == "streaming":
            engine._streaming_provider.get_bar_age.return_value = 0.
            engine._streaming_provider.is_ready.return_value = True
            engine._streaming_provider.get_latest_quote.return_value = {"bid": 99., "ask": 100.}
        signal = MLSignal(symbol="AAPL", direction=1, confidence=.9, predicted_return=.02,
                          raw_confidence=.9, effective_confidence=.9)
        engine.signal_gen.predict_batch = MagicMock(return_value={"AAPL": signal})
        engine.alpha_scanner.scan = MagicMock(return_value=[AlphaCandidate(
            symbol="AAPL", composite_score=.9, breakout_score=.9, ml_signal=signal,
            direction=1, expected_return_source="ml")] if path == "alpha" else [])
        engine.breakout_scanner.scan = MagicMock(return_value=[BreakoutSignal(
            symbol="AAPL", composite_score=.9, squeeze_score=.9, volume_score=.9,
            contraction_score=.9, rs_score=.9, pivot_score=.9, flow_score=.9,
            direction=1, squeeze_fired=True, volume_ratio=2)] if path in ("alpha", "breakout") else [])
        engine.kelly_sizer.size_positions = MagicMock(side_effect=lambda candidates, *a, **kw: [
            PositionSize(symbol=c["symbol"], direction=1., shares=10, notional=1000.,
                         target_weight=.01, kelly_raw=.01, kelly_half=.005,
                         drawdown_scale=1., vol_scale=1., regime_scale=1., confidence=.9,
                         predicted_return=.02, breakout_score=.9) for c in candidates])
        broker.set_price("AAPL", 100.)
        if path == "pyramid":
            broker.add_position("AAPL", qty=10, avg_entry_price=100.)
            engine._entry_metadata["AAPL"] = {"entry_source": "alpha", "entry_price": 100.,
                                              "entry_tick": 1, "direction": 1., "filled_shares": 10}
            engine._pyramid_positions["AAPL"] = PyramidPosition(
                symbol="AAPL", direction=1., layers=[PyramidLevel(10, 100., 1, 0)],
                target_total_shares=20, atr_at_entry=2., initial_stop=90., current_stop=90.)
            engine.pyramider.check_pyramid = MagicMock(return_value=SimpleNamespace(action="add", shares_to_add=2))
        result = await engine.live_tick()
        assert result.errors == []
        assert engine._ml_isolation_mode and engine._fixed_risk_sizing_mode
        entries = [order for order in broker.filled_orders if order["side"] == "buy"]
        if age == 60:
>           assert len(entries) == 1 and result.orders_submitted == 1
E           assert (0 == 1)
E            +  where 0 = len([])

tests/test_entry_freshness.py:253: AssertionError
------------------------------ Captured log call -------------------------------
WARNING  backend.organism.trading_phase:trading_phase.py:200 Full production promotion blocked: reviewed_paper_baseline_requires_explicit_promotion
WARNING  backend.organism.live_engine:live_engine.py:2676 {"event": "Stale-data check failed \u2014 entries blocked: '>' not supported between instances of 'MagicMock' and 'float'", "logger": "backend.organism.live_engine", "level": "warning", "timestamp": "2026-09-23T05:38:55.562381Z"}
_ test_real_tick_callers_share_gate_and_stale_is_normal_skip[streaming-60-pyramid] _

tmp_path = PosixPath('/private/var/folders/52/1b3lnm3n5252r2cynmqgzhlc0000gn/T/pytest-of-marselkei/pytest-118/test_real_tick_callers_share_g8')
monkeypatch = <_pytest.monkeypatch.MonkeyPatch object at 0x112d5e270>
path = 'pyramid', age = 60, source = 'streaming'

    @pytest.mark.parametrize("path", ["alpha", "breakout", "pyramid"])
    @pytest.mark.parametrize("age", [60, 121])
    @pytest.mark.parametrize("source", ["rest", "streaming"])
    async def test_real_tick_callers_share_gate_and_stale_is_normal_skip(tmp_path, monkeypatch, path, age, source):
        from backend.organism.alpha_scanner import AlphaCandidate
        from backend.organism.breakout_scanner import BreakoutSignal
        from backend.organism.kelly_sizer import PositionSize
        from backend.organism.ml_signal import MLSignal
        from backend.organism.pyramider import PyramidLevel, PyramidPosition
        from backend.organism.replay_simulator import SimulatedBroker
        from tests.test_organism_engine_scenarios import MockDataClient, _make_engine
    
        monkeypatch.setattr("backend.organism.live_engine.FRAMEWORK_ROUTING_V2_ENABLED", False)
        monkeypatch.setattr("backend.organism.live_engine.FRAMEWORK_ROUTING_ENABLED", False)
        features = {s: frame_at(NOW - timedelta(seconds=age), 120) for s in ("AAPL", "MSFT", "SPY")}
        for frame in features.values():
            frame["_nan_missingness"] = 0.
        broker = SimulatedBroker()
        engine = _make_engine(broker, MockDataClient(features), str(tmp_path / "tick-brain"))
        engine._timeframe = "1Min"
        engine._now_fn = lambda: NOW
        engine._time_fn = NOW.timestamp
        await engine.initialize()
        engine._tick_count = 10
        engine._fetch_and_compute_features = AsyncMock(return_value=features)
        engine._reconcile_fills = AsyncMock()  # Outcome accounting is independently covered.
        engine.regime_detector.detect = MagicMock(return_value=SimpleNamespace(primary="trending_up", confidence=.9))
        engine._streaming_provider = None if source == "rest" else MagicMock()
        if source == "streaming":
            engine._streaming_provider.get_bar_age.return_value = 0.
            engine._streaming_provider.is_ready.return_value = True
            engine._streaming_provider.get_latest_quote.return_value = {"bid": 99., "ask": 100.}
        signal = MLSignal(symbol="AAPL", direction=1, confidence=.9, predicted_return=.02,
                          raw_confidence=.9, effective_confidence=.9)
        engine.signal_gen.predict_batch = MagicMock(return_value={"AAPL": signal})
        engine.alpha_scanner.scan = MagicMock(return_value=[AlphaCandidate(
            symbol="AAPL", composite_score=.9, breakout_score=.9, ml_signal=signal,
            direction=1, expected_return_source="ml")] if path == "alpha" else [])
        engine.breakout_scanner.scan = MagicMock(return_value=[BreakoutSignal(
            symbol="AAPL", composite_score=.9, squeeze_score=.9, volume_score=.9,
            contraction_score=.9, rs_score=.9, pivot_score=.9, flow_score=.9,
            direction=1, squeeze_fired=True, volume_ratio=2)] if path in ("alpha", "breakout") else [])
        engine.kelly_sizer.size_positions = MagicMock(side_effect=lambda candidates, *a, **kw: [
            PositionSize(symbol=c["symbol"], direction=1., shares=10, notional=1000.,
                         target_weight=.01, kelly_raw=.01, kelly_half=.005,
                         drawdown_scale=1., vol_scale=1., regime_scale=1., confidence=.9,
                         predicted_return=.02, breakout_score=.9) for c in candidates])
        broker.set_price("AAPL", 100.)
        if path == "pyramid":
            broker.add_position("AAPL", qty=10, avg_entry_price=100.)
            engine._entry_metadata["AAPL"] = {"entry_source": "alpha", "entry_price": 100.,
                                              "entry_tick": 1, "direction": 1., "filled_shares": 10}
            engine._pyramid_positions["AAPL"] = PyramidPosition(
                symbol="AAPL", direction=1., layers=[PyramidLevel(10, 100., 1, 0)],
                target_total_shares=20, atr_at_entry=2., initial_stop=90., current_stop=90.)
            engine.pyramider.check_pyramid = MagicMock(return_value=SimpleNamespace(action="add", shares_to_add=2))
        result = await engine.live_tick()
        assert result.errors == []
        assert engine._ml_isolation_mode and engine._fixed_risk_sizing_mode
        entries = [order for order in broker.filled_orders if order["side"] == "buy"]
        if age == 60:
>           assert len(entries) == 1 and result.orders_submitted == 1
E           assert (0 == 1)
E            +  where 0 = len([])

tests/test_entry_freshness.py:253: AssertionError
------------------------------ Captured log call -------------------------------
WARNING  backend.organism.trading_phase:trading_phase.py:200 Full production promotion blocked: reviewed_paper_baseline_requires_explicit_promotion
WARNING  backend.organism.live_engine:live_engine.py:2676 {"event": "Stale-data check failed \u2014 entries blocked: '>' not supported between instances of 'MagicMock' and 'float'", "logger": "backend.organism.live_engine", "level": "warning", "timestamp": "2026-09-23T05:38:55.574532Z"}
_ test_real_tick_callers_share_gate_and_stale_is_normal_skip[streaming-121-alpha] _

tmp_path = PosixPath('/private/var/folders/52/1b3lnm3n5252r2cynmqgzhlc0000gn/T/pytest-of-marselkei/pytest-118/test_real_tick_callers_share_g9')
monkeypatch = <_pytest.monkeypatch.MonkeyPatch object at 0x112d94ad0>
path = 'alpha', age = 121, source = 'streaming'

    @pytest.mark.parametrize("path", ["alpha", "breakout", "pyramid"])
    @pytest.mark.parametrize("age", [60, 121])
    @pytest.mark.parametrize("source", ["rest", "streaming"])
    async def test_real_tick_callers_share_gate_and_stale_is_normal_skip(tmp_path, monkeypatch, path, age, source):
        from backend.organism.alpha_scanner import AlphaCandidate
        from backend.organism.breakout_scanner import BreakoutSignal
        from backend.organism.kelly_sizer import PositionSize
        from backend.organism.ml_signal import MLSignal
        from backend.organism.pyramider import PyramidLevel, PyramidPosition
        from backend.organism.replay_simulator import SimulatedBroker
        from tests.test_organism_engine_scenarios import MockDataClient, _make_engine
    
        monkeypatch.setattr("backend.organism.live_engine.FRAMEWORK_ROUTING_V2_ENABLED", False)
        monkeypatch.setattr("backend.organism.live_engine.FRAMEWORK_ROUTING_ENABLED", False)
        features = {s: frame_at(NOW - timedelta(seconds=age), 120) for s in ("AAPL", "MSFT", "SPY")}
        for frame in features.values():
            frame["_nan_missingness"] = 0.
        broker = SimulatedBroker()
        engine = _make_engine(broker, MockDataClient(features), str(tmp_path / "tick-brain"))
        engine._timeframe = "1Min"
        engine._now_fn = lambda: NOW
        engine._time_fn = NOW.timestamp
        await engine.initialize()
        engine._tick_count = 10
        engine._fetch_and_compute_features = AsyncMock(return_value=features)
        engine._reconcile_fills = AsyncMock()  # Outcome accounting is independently covered.
        engine.regime_detector.detect = MagicMock(return_value=SimpleNamespace(primary="trending_up", confidence=.9))
        engine._streaming_provider = None if source == "rest" else MagicMock()
        if source == "streaming":
            engine._streaming_provider.get_bar_age.return_value = 0.
            engine._streaming_provider.is_ready.return_value = True
            engine._streaming_provider.get_latest_quote.return_value = {"bid": 99., "ask": 100.}
        signal = MLSignal(symbol="AAPL", direction=1, confidence=.9, predicted_return=.02,
                          raw_confidence=.9, effective_confidence=.9)
        engine.signal_gen.predict_batch = MagicMock(return_value={"AAPL": signal})
        engine.alpha_scanner.scan = MagicMock(return_value=[AlphaCandidate(
            symbol="AAPL", composite_score=.9, breakout_score=.9, ml_signal=signal,
            direction=1, expected_return_source="ml")] if path == "alpha" else [])
        engine.breakout_scanner.scan = MagicMock(return_value=[BreakoutSignal(
            symbol="AAPL", composite_score=.9, squeeze_score=.9, volume_score=.9,
            contraction_score=.9, rs_score=.9, pivot_score=.9, flow_score=.9,
            direction=1, squeeze_fired=True, volume_ratio=2)] if path in ("alpha", "breakout") else [])
        engine.kelly_sizer.size_positions = MagicMock(side_effect=lambda candidates, *a, **kw: [
            PositionSize(symbol=c["symbol"], direction=1., shares=10, notional=1000.,
                         target_weight=.01, kelly_raw=.01, kelly_half=.005,
                         drawdown_scale=1., vol_scale=1., regime_scale=1., confidence=.9,
                         predicted_return=.02, breakout_score=.9) for c in candidates])
        broker.set_price("AAPL", 100.)
        if path == "pyramid":
            broker.add_position("AAPL", qty=10, avg_entry_price=100.)
            engine._entry_metadata["AAPL"] = {"entry_source": "alpha", "entry_price": 100.,
                                              "entry_tick": 1, "direction": 1., "filled_shares": 10}
            engine._pyramid_positions["AAPL"] = PyramidPosition(
                symbol="AAPL", direction=1., layers=[PyramidLevel(10, 100., 1, 0)],
                target_total_shares=20, atr_at_entry=2., initial_stop=90., current_stop=90.)
            engine.pyramider.check_pyramid = MagicMock(return_value=SimpleNamespace(action="add", shares_to_add=2))
        result = await engine.live_tick()
        assert result.errors == []
        assert engine._ml_isolation_mode and engine._fixed_risk_sizing_mode
        entries = [order for order in broker.filled_orders if order["side"] == "buy"]
        if age == 60:
            assert len(entries) == 1 and result.orders_submitted == 1
        else:
            assert not entries and result.orders_submitted == 0
            skipped = [event for event in result.activity if event.details.get("reason") == "stale_bar"]
>           assert len(skipped) == 1 and skipped[0].details["bar_age_seconds"] == 121
E           assert (0 == 1)
E            +  where 0 = len([])

tests/test_entry_freshness.py:257: AssertionError
------------------------------ Captured log call -------------------------------
WARNING  backend.organism.trading_phase:trading_phase.py:200 Full production promotion blocked: reviewed_paper_baseline_requires_explicit_promotion
WARNING  backend.organism.live_engine:live_engine.py:2676 {"event": "Stale-data check failed \u2014 entries blocked: '>' not supported between instances of 'MagicMock' and 'float'", "logger": "backend.organism.live_engine", "level": "warning", "timestamp": "2026-09-23T05:38:55.587010Z"}
_ test_real_tick_callers_share_gate_and_stale_is_normal_skip[streaming-121-breakout] _

tmp_path = PosixPath('/private/var/folders/52/1b3lnm3n5252r2cynmqgzhlc0000gn/T/pytest-of-marselkei/pytest-118/test_real_tick_callers_share_g10')
monkeypatch = <_pytest.monkeypatch.MonkeyPatch object at 0x112d9f3b0>
path = 'breakout', age = 121, source = 'streaming'

    @pytest.mark.parametrize("path", ["alpha", "breakout", "pyramid"])
    @pytest.mark.parametrize("age", [60, 121])
    @pytest.mark.parametrize("source", ["rest", "streaming"])
    async def test_real_tick_callers_share_gate_and_stale_is_normal_skip(tmp_path, monkeypatch, path, age, source):
        from backend.organism.alpha_scanner import AlphaCandidate
        from backend.organism.breakout_scanner import BreakoutSignal
        from backend.organism.kelly_sizer import PositionSize
        from backend.organism.ml_signal import MLSignal
        from backend.organism.pyramider import PyramidLevel, PyramidPosition
        from backend.organism.replay_simulator import SimulatedBroker
        from tests.test_organism_engine_scenarios import MockDataClient, _make_engine
    
        monkeypatch.setattr("backend.organism.live_engine.FRAMEWORK_ROUTING_V2_ENABLED", False)
        monkeypatch.setattr("backend.organism.live_engine.FRAMEWORK_ROUTING_ENABLED", False)
        features = {s: frame_at(NOW - timedelta(seconds=age), 120) for s in ("AAPL", "MSFT", "SPY")}
        for frame in features.values():
            frame["_nan_missingness"] = 0.
        broker = SimulatedBroker()
        engine = _make_engine(broker, MockDataClient(features), str(tmp_path / "tick-brain"))
        engine._timeframe = "1Min"
        engine._now_fn = lambda: NOW
        engine._time_fn = NOW.timestamp
        await engine.initialize()
        engine._tick_count = 10
        engine._fetch_and_compute_features = AsyncMock(return_value=features)
        engine._reconcile_fills = AsyncMock()  # Outcome accounting is independently covered.
        engine.regime_detector.detect = MagicMock(return_value=SimpleNamespace(primary="trending_up", confidence=.9))
        engine._streaming_provider = None if source == "rest" else MagicMock()
        if source == "streaming":
            engine._streaming_provider.get_bar_age.return_value = 0.
            engine._streaming_provider.is_ready.return_value = True
            engine._streaming_provider.get_latest_quote.return_value = {"bid": 99., "ask": 100.}
        signal = MLSignal(symbol="AAPL", direction=1, confidence=.9, predicted_return=.02,
                          raw_confidence=.9, effective_confidence=.9)
        engine.signal_gen.predict_batch = MagicMock(return_value={"AAPL": signal})
        engine.alpha_scanner.scan = MagicMock(return_value=[AlphaCandidate(
            symbol="AAPL", composite_score=.9, breakout_score=.9, ml_signal=signal,
            direction=1, expected_return_source="ml")] if path == "alpha" else [])
        engine.breakout_scanner.scan = MagicMock(return_value=[BreakoutSignal(
            symbol="AAPL", composite_score=.9, squeeze_score=.9, volume_score=.9,
            contraction_score=.9, rs_score=.9, pivot_score=.9, flow_score=.9,
            direction=1, squeeze_fired=True, volume_ratio=2)] if path in ("alpha", "breakout") else [])
        engine.kelly_sizer.size_positions = MagicMock(side_effect=lambda candidates, *a, **kw: [
            PositionSize(symbol=c["symbol"], direction=1., shares=10, notional=1000.,
                         target_weight=.01, kelly_raw=.01, kelly_half=.005,
                         drawdown_scale=1., vol_scale=1., regime_scale=1., confidence=.9,
                         predicted_return=.02, breakout_score=.9) for c in candidates])
        broker.set_price("AAPL", 100.)
        if path == "pyramid":
            broker.add_position("AAPL", qty=10, avg_entry_price=100.)
            engine._entry_metadata["AAPL"] = {"entry_source": "alpha", "entry_price": 100.,
                                              "entry_tick": 1, "direction": 1., "filled_shares": 10}
            engine._pyramid_positions["AAPL"] = PyramidPosition(
                symbol="AAPL", direction=1., layers=[PyramidLevel(10, 100., 1, 0)],
                target_total_shares=20, atr_at_entry=2., initial_stop=90., current_stop=90.)
            engine.pyramider.check_pyramid = MagicMock(return_value=SimpleNamespace(action="add", shares_to_add=2))
        result = await engine.live_tick()
        assert result.errors == []
        assert engine._ml_isolation_mode and engine._fixed_risk_sizing_mode
        entries = [order for order in broker.filled_orders if order["side"] == "buy"]
        if age == 60:
            assert len(entries) == 1 and result.orders_submitted == 1
        else:
            assert not entries and result.orders_submitted == 0
            skipped = [event for event in result.activity if event.details.get("reason") == "stale_bar"]
>           assert len(skipped) == 1 and skipped[0].details["bar_age_seconds"] == 121
E           assert (0 == 1)
E            +  where 0 = len([])

tests/test_entry_freshness.py:257: AssertionError
------------------------------ Captured log call -------------------------------
WARNING  backend.organism.trading_phase:trading_phase.py:200 Full production promotion blocked: reviewed_paper_baseline_requires_explicit_promotion
WARNING  backend.organism.live_engine:live_engine.py:2676 {"event": "Stale-data check failed \u2014 entries blocked: '>' not supported between instances of 'MagicMock' and 'float'", "logger": "backend.organism.live_engine", "level": "warning", "timestamp": "2026-09-23T05:38:55.599059Z"}
_ test_real_tick_callers_share_gate_and_stale_is_normal_skip[streaming-121-pyramid] _

tmp_path = PosixPath('/private/var/folders/52/1b3lnm3n5252r2cynmqgzhlc0000gn/T/pytest-of-marselkei/pytest-118/test_real_tick_callers_share_g11')
monkeypatch = <_pytest.monkeypatch.MonkeyPatch object at 0x112cd89b0>
path = 'pyramid', age = 121, source = 'streaming'

    @pytest.mark.parametrize("path", ["alpha", "breakout", "pyramid"])
    @pytest.mark.parametrize("age", [60, 121])
    @pytest.mark.parametrize("source", ["rest", "streaming"])
    async def test_real_tick_callers_share_gate_and_stale_is_normal_skip(tmp_path, monkeypatch, path, age, source):
        from backend.organism.alpha_scanner import AlphaCandidate
        from backend.organism.breakout_scanner import BreakoutSignal
        from backend.organism.kelly_sizer import PositionSize
        from backend.organism.ml_signal import MLSignal
        from backend.organism.pyramider import PyramidLevel, PyramidPosition
        from backend.organism.replay_simulator import SimulatedBroker
        from tests.test_organism_engine_scenarios import MockDataClient, _make_engine
    
        monkeypatch.setattr("backend.organism.live_engine.FRAMEWORK_ROUTING_V2_ENABLED", False)
        monkeypatch.setattr("backend.organism.live_engine.FRAMEWORK_ROUTING_ENABLED", False)
        features = {s: frame_at(NOW - timedelta(seconds=age), 120) for s in ("AAPL", "MSFT", "SPY")}
        for frame in features.values():
            frame["_nan_missingness"] = 0.
        broker = SimulatedBroker()
        engine = _make_engine(broker, MockDataClient(features), str(tmp_path / "tick-brain"))
        engine._timeframe = "1Min"
        engine._now_fn = lambda: NOW
        engine._time_fn = NOW.timestamp
        await engine.initialize()
        engine._tick_count = 10
        engine._fetch_and_compute_features = AsyncMock(return_value=features)
        engine._reconcile_fills = AsyncMock()  # Outcome accounting is independently covered.
        engine.regime_detector.detect = MagicMock(return_value=SimpleNamespace(primary="trending_up", confidence=.9))
        engine._streaming_provider = None if source == "rest" else MagicMock()
        if source == "streaming":
            engine._streaming_provider.get_bar_age.return_value = 0.
            engine._streaming_provider.is_ready.return_value = True
            engine._streaming_provider.get_latest_quote.return_value = {"bid": 99., "ask": 100.}
        signal = MLSignal(symbol="AAPL", direction=1, confidence=.9, predicted_return=.02,
                          raw_confidence=.9, effective_confidence=.9)
        engine.signal_gen.predict_batch = MagicMock(return_value={"AAPL": signal})
        engine.alpha_scanner.scan = MagicMock(return_value=[AlphaCandidate(
            symbol="AAPL", composite_score=.9, breakout_score=.9, ml_signal=signal,
            direction=1, expected_return_source="ml")] if path == "alpha" else [])
        engine.breakout_scanner.scan = MagicMock(return_value=[BreakoutSignal(
            symbol="AAPL", composite_score=.9, squeeze_score=.9, volume_score=.9,
            contraction_score=.9, rs_score=.9, pivot_score=.9, flow_score=.9,
            direction=1, squeeze_fired=True, volume_ratio=2)] if path in ("alpha", "breakout") else [])
        engine.kelly_sizer.size_positions = MagicMock(side_effect=lambda candidates, *a, **kw: [
            PositionSize(symbol=c["symbol"], direction=1., shares=10, notional=1000.,
                         target_weight=.01, kelly_raw=.01, kelly_half=.005,
                         drawdown_scale=1., vol_scale=1., regime_scale=1., confidence=.9,
                         predicted_return=.02, breakout_score=.9) for c in candidates])
        broker.set_price("AAPL", 100.)
        if path == "pyramid":
            broker.add_position("AAPL", qty=10, avg_entry_price=100.)
            engine._entry_metadata["AAPL"] = {"entry_source": "alpha", "entry_price": 100.,
                                              "entry_tick": 1, "direction": 1., "filled_shares": 10}
            engine._pyramid_positions["AAPL"] = PyramidPosition(
                symbol="AAPL", direction=1., layers=[PyramidLevel(10, 100., 1, 0)],
                target_total_shares=20, atr_at_entry=2., initial_stop=90., current_stop=90.)
            engine.pyramider.check_pyramid = MagicMock(return_value=SimpleNamespace(action="add", shares_to_add=2))
        result = await engine.live_tick()
        assert result.errors == []
        assert engine._ml_isolation_mode and engine._fixed_risk_sizing_mode
        entries = [order for order in broker.filled_orders if order["side"] == "buy"]
        if age == 60:
            assert len(entries) == 1 and result.orders_submitted == 1
        else:
            assert not entries and result.orders_submitted == 0
            skipped = [event for event in result.activity if event.details.get("reason") == "stale_bar"]
>           assert len(skipped) == 1 and skipped[0].details["bar_age_seconds"] == 121
E           assert (0 == 1)
E            +  where 0 = len([])

tests/test_entry_freshness.py:257: AssertionError
------------------------------ Captured log call -------------------------------
WARNING  backend.organism.trading_phase:trading_phase.py:200 Full production promotion blocked: reviewed_paper_baseline_requires_explicit_promotion
WARNING  backend.organism.live_engine:live_engine.py:2676 {"event": "Stale-data check failed \u2014 entries blocked: '>' not supported between instances of 'MagicMock' and 'float'", "logger": "backend.organism.live_engine", "level": "warning", "timestamp": "2026-09-23T05:38:55.611184Z"}
=============================== warnings summary ===============================
tests/test_v13_w100_live_tick_coverage.py::test_w100_entries_gate_produces_orders_on_uptrend
  <string>:15: RuntimeWarning: SECRET_KEY not set — using generated ephemeral key. Set SECRET_KEY env var for production.

-- Docs: https://docs.pytest.org/en/stable/how-to/capture-warnings.html
=========================== short test summary info ============================
FAILED tests/test_entry_freshness.py::test_real_tick_callers_share_gate_and_stale_is_normal_skip[streaming-60-alpha]
FAILED tests/test_entry_freshness.py::test_real_tick_callers_share_gate_and_stale_is_normal_skip[streaming-60-breakout]
FAILED tests/test_entry_freshness.py::test_real_tick_callers_share_gate_and_stale_is_normal_skip[streaming-60-pyramid]
FAILED tests/test_entry_freshness.py::test_real_tick_callers_share_gate_and_stale_is_normal_skip[streaming-121-alpha]
FAILED tests/test_entry_freshness.py::test_real_tick_callers_share_gate_and_stale_is_normal_skip[streaming-121-breakout]
FAILED tests/test_entry_freshness.py::test_real_tick_callers_share_gate_and_stale_is_normal_skip[streaming-121-pyramid]
6 failed, 68 passed, 1 warning in 14.51s
