Isolated test scratch: /private/tmp/intra-audit-test-5_9nizaa
FFFFFF.FFFFFFFFFFFFFFF                                                   [100%]
=================================== FAILURES ===================================
______ test_provider_range_index_matches_explicit_timestamp_oracle[tail] _______
tests/test_cross_asset_timestamp_alignment.py:67: in test_provider_range_index_matches_explicit_timestamp_oracle
    assert_frame_equal(cross(result), expected, check_exact=False, atol=1e-10, rtol=1e-10)
pandas/_libs/testing.pyx:53: in pandas._libs.testing.assert_almost_equal
    ???
pandas/_libs/testing.pyx:171: in pandas._libs.testing.assert_almost_equal
    ???
E   AssertionError: DataFrame.iloc[:, 0] (column name="rel_strength_spy") are different
E   
E   DataFrame.iloc[:, 0] (column name="rel_strength_spy") values are different (75.0 %)
E   [index]: [0, 1, 2, 3, 4, 5, 6, 7, 8, 9, 10, 11, 12, 13, 14, 15, 16, 17, 18, 19, 20, 21, 22, 23, 24, 25, 26, 27, 28, 29, 30, 31, 32, 33, 34, 35, 36, 37, 38, 39, 40, 41, 42, 43, 44, 45, 46, 47, 48, 49, 50, 51, 52, 53, 54, 55, 56, 57, 58, 59, 60, 61, 62, 63, 64, 65, 66, 67, 68, 69, 70, 71, 72, 73, 74, 75, 76, 77, 78, 79]
E   [left]:  [0.0, 0.0, 0.0, 0.0, 0.0, 0.0, 0.0, 0.0, 0.0, 0.0, 0.0, 0.0, 0.0, 0.0, 0.0, 0.0, 0.0, 0.0, 0.0, 0.0, -0.005688472247081355, -0.0062043935513751425, -0.005873201224365743, -0.004690736242748739, -0.00275937615421884, -0.00027572256664099015, 0.00249009982946391, 0.005223236685566235, 0.007600595449650638, 0.009332953744666916, 0.010207722265971997, 0.010124637403809311, 0.009115780426687259, 0.00734358318883177, 0.005075666848655569, 0.0026415685659906263, 0.0003809910649816839, -0.0014056915751692323, -0.002496334751496354, -0.0027712487578253064, -0.0022226427807865434, -0.0009514261701348836, 0.0008462232452708385, 0.002901048347655477, 0.0049011073490389245, 0.006529654954291697, 0.007508064757303368, 0.007638508656462761, 0.006838516318210086, 0.005158946215459315, 0.0027794763583672832, -1.8892014570948135e-05, -0.0028986428514810036, -0.00551786494506068, -0.007578948767668514, -0.008865838079687327, -0.009266224655932964, -0.008779035913847544, -0.007509692088620179, -0.0056557438999383924, -0.0034844631414493454, -0.001302965721357463, 0.0005784545738976021, 0.0018874807461879417, 0.002430422682877964, 0.002124922184969069, 0.0010167387625166224, -0.000724889623635594, -0.0028337126191564366, -0.004989339033179219, -0.006867047208276356, -0.008184413776978872, -0.008737214054959974, -0.008421191475821543, -0.007239986159157885, -0.005301458141029225, -0.002804702266977266, -1.9019418776022867e-05, 0.0027448410639834275, 0.005170698723619638]
E   [right]: [0.0, 0.0, 0.0, 0.0, 0.0, 0.0, 0.0, 0.0, 0.0, 0.0, 0.0, 0.0, 0.0, 0.0, 0.0, 0.0, 0.0, 0.0, 0.0, 0.0, 0.0009177366005539422, -0.001019591132620512, -0.003806083266503113, -0.00698746696618624, -0.010040632859970366, -0.012438877640814527, -0.013723759310607875, -0.013574469862377425, -0.011862417398923353, -0.008678540316080507, -0.0043250808777226535, 0.0007285756870196725, 0.0059175503246888805, 0.010665803628957082, 0.014466814888400625, 0.0169475885114172, 0.017909052089525312, 0.017341873030237154, 0.015420434236156022, 0.012478647541111942, 0.008970419469696678, 0.005416640056268296, 0.0023410854068083298, 0.00020019572592189228, -0.0006844638121235036, -0.00017909991039255502, 0.0016361780454574593, 0.004475981097551651, 0.00789327403854867, 0.011349641219184692, 0.01429766459212356, 0.016259512192893455, 0.01688918498667613, 0.016011839657152027, 0.013639353571789248, 0.009964775439465168, 0.005339062536633299, 0.0002325617064137253, -0.004817223903435641, -0.009269407732159007, -0.01265013297373152, -0.014620737354048119, -0.01503153824448522, -0.013948921025255911, -0.011647577240879059, -0.008567508613302799, -0.0052440713255867966, -0.002225500870018271, 6.204954388300266e-06, 0.00109841446493264, 0.000868220109092599, -0.0006810900868550185, -0.0033650839265122467, -0.00684153861657999, -0.0106496490139103, -0.014263366751057771, -0.01715635952039274, -0.018873292023259713, -0.019098201508811363, -0.017707674240799776]
E   At positional index 20, first diff: -0.005688472247081355 != 0.0009177366005539422
______ test_provider_range_index_matches_explicit_timestamp_oracle[gaps] _______
tests/test_cross_asset_timestamp_alignment.py:67: in test_provider_range_index_matches_explicit_timestamp_oracle
    assert_frame_equal(cross(result), expected, check_exact=False, atol=1e-10, rtol=1e-10)
pandas/_libs/testing.pyx:53: in pandas._libs.testing.assert_almost_equal
    ???
pandas/_libs/testing.pyx:171: in pandas._libs.testing.assert_almost_equal
    ???
E   AssertionError: DataFrame.iloc[:, 0] (column name="rel_strength_spy") are different
E   
E   DataFrame.iloc[:, 0] (column name="rel_strength_spy") values are different (50.0 %)
E   [index]: [0, 1, 2, 3, 4, 5, 6, 7, 8, 9, 10, 11, 12, 13, 14, 15, 16, 17, 18, 19, 20, 21, 22, 23, 24, 25, 26, 27, 28, 29, 30, 31, 32, 33, 34, 35, 36, 37, 38, 39]
E   [left]:  [0.0, 0.0, 0.0, 0.0, 0.0, 0.0, 0.0, 0.0, 0.0, 0.0, 0.0, 0.0, 0.0, 0.0, 0.0, 0.0, 0.0, 0.0, 0.0, 0.0, -0.0029978249721374084, -0.007364226760375625, -0.004549880592982669, 0.005672531887769616, 0.019783212839345032, 0.031986789801212834, 0.03707475062411825, 0.033197698292934286, 0.022765948299033, 0.01096942643148835, 0.0030322151959251142, 0.0017336738811006835, 0.006184098869943755, 0.012323883853779805, 0.015123260348312684, 0.011516261319820531, 0.002271924541899173, -0.008446064615263316, -0.015395389710676333, -0.014949592911610021]
E   [right]: [0.0, 0.0, 0.0, 0.0, 0.0, 0.0, 0.0, 0.0, 0.0, 0.0, 0.0, 0.0, 0.0, 0.0, 0.0, 0.0, 0.0, 0.0, 0.0, 0.0, -0.007942846422127614, -0.005033891842994964, 0.0021092970157803315, 0.009962859334423979, 0.014506330293568404, 0.013163880674573303, 0.006349805407620757, -0.0025274314528183073, -0.00899373246945756, -0.010073419253837423, -0.005718234006934275, 0.0014255452294802406, 0.007357825967199805, 0.008596168647390101, 0.004040112304074972, -0.004180180413197121, -0.011794282739398643, -0.014891942544773107, -0.01202586539908801, -0.004708242717760824]
E   At positional index 20, first diff: -0.0029978249721374084 != -0.007942846422127614
____ test_provider_range_index_matches_explicit_timestamp_oracle[short_spy] ____
tests/test_cross_asset_timestamp_alignment.py:67: in test_provider_range_index_matches_explicit_timestamp_oracle
    assert_frame_equal(cross(result), expected, check_exact=False, atol=1e-10, rtol=1e-10)
pandas/_libs/testing.pyx:53: in pandas._libs.testing.assert_almost_equal
    ???
pandas/_libs/testing.pyx:171: in pandas._libs.testing.assert_almost_equal
    ???
E   AssertionError: DataFrame.iloc[:, 0] (column name="rel_strength_spy") are different
E   
E   DataFrame.iloc[:, 0] (column name="rel_strength_spy") values are different (75.0 %)
E   [index]: [0, 1, 2, 3, 4, 5, 6, 7, 8, 9, 10, 11, 12, 13, 14, 15, 16, 17, 18, 19, 20, 21, 22, 23, 24, 25, 26, 27, 28, 29, 30, 31, 32, 33, 34, 35, 36, 37, 38, 39, 40, 41, 42, 43, 44, 45, 46, 47, 48, 49, 50, 51, 52, 53, 54, 55, 56, 57, 58, 59, 60, 61, 62, 63, 64, 65, 66, 67, 68, 69, 70, 71, 72, 73, 74, 75, 76, 77, 78, 79]
E   [left]:  [0.0, 0.0, 0.0, 0.0, 0.0, 0.0, 0.0, 0.0, 0.0, 0.0, 0.0, 0.0, 0.0, 0.0, 0.0, 0.0, 0.0, 0.0, 0.0, 0.0, 0.0, 0.0, 0.0, 0.0, 0.0, 0.0, 0.0, 0.0, 0.0, 0.0, 0.0, 0.0, 0.0, 0.0, 0.0, 0.0, 0.0, 0.0, 0.0, 0.0, 0.0, 0.0, 0.0, 0.0, 0.0, 0.0, 0.0, 0.0, 0.0, 0.0, 0.0, 0.0, 0.0, 0.0, 0.0, 0.0, 0.0, 0.0, 0.0, 0.0, 0.0, 0.0, 0.0, 0.0, 0.0, 0.0, 0.0, 0.0, 0.0, 0.0, 0.0, 0.0, 0.0, 0.0, 0.0, 0.0, 0.0, 0.0, 0.0, 0.0]
E   [right]: [0.0, 0.0, 0.0, 0.0, 0.0, 0.0, 0.0, 0.0, 0.0, 0.0, 0.0, 0.0, 0.0, 0.0, 0.0, 0.0, 0.0, 0.0, 0.0, 0.0, -0.001526843182756643, -0.009335556432313874, -0.011967010133564382, -0.006241551663054956, -0.0036733135241685533, -0.0036260393971577765, -0.002903742843033852, 0.007329791106301942, 0.010478155783843479, 0.006364818137639783, 0.012968272579964246, 0.016265425310809434, 0.012446784549932532, 0.007677665220307661, 0.00799207963945725, 0.009310203602715283, -0.0020873666579632744, -0.004489947637987823, 0.001010993417541739, -0.00521991362606844, -0.007181850317734995, -0.003358014393437303, 0.0011212888692613276, 0.0021135703721395505, 0.00042515122979747133, 0.009158687714297176, 0.012238614024185357, 0.007277113545075542, 0.008798292718251055, 0.010510529538160895, 0.00816255863869686, -0.0012031396913707582, -0.0029562335637469683, 0.0006668146062500657, -0.010947589335629448, -0.014519283810996653, -0.008220303741676371, -0.011012763109704116, -0.01297436630717419, -0.010135637105313067, -0.0027009082179924038, -0.0014549453193364315, -0.003984747243755082, 0.004226363818819023, 0.0067445851440287585, 0.0028501580009459015, 0.0017163569239868615, 0.0021340036837314003, 0.0024978212329669347, -0.007339343305930779, -0.009888143684383177, -0.004230871155042948, -0.012032834676269477, -0.014980803437655177, -0.009090398915649445, -0.006360410777966452, -0.006590543525139547, -0.0056790863376979805, 0.004667129279206095, 0.00753599363878199]
E   At positional index 20, first diff: 0.0 != -0.001526843182756643
_ test_provider_range_index_matches_explicit_timestamp_oracle[leading_uncovered] _
tests/test_cross_asset_timestamp_alignment.py:67: in test_provider_range_index_matches_explicit_timestamp_oracle
    assert_frame_equal(cross(result), expected, check_exact=False, atol=1e-10, rtol=1e-10)
pandas/_libs/testing.pyx:53: in pandas._libs.testing.assert_almost_equal
    ???
pandas/_libs/testing.pyx:171: in pandas._libs.testing.assert_almost_equal
    ???
E   AssertionError: DataFrame.iloc[:, 0] (column name="rel_strength_spy") are different
E   
E   DataFrame.iloc[:, 0] (column name="rel_strength_spy") values are different (75.0 %)
E   [index]: [0, 1, 2, 3, 4, 5, 6, 7, 8, 9, 10, 11, 12, 13, 14, 15, 16, 17, 18, 19, 20, 21, 22, 23, 24, 25, 26, 27, 28, 29, 30, 31, 32, 33, 34, 35, 36, 37, 38, 39, 40, 41, 42, 43, 44, 45, 46, 47, 48, 49, 50, 51, 52, 53, 54, 55, 56, 57, 58, 59, 60, 61, 62, 63, 64, 65, 66, 67, 68, 69, 70, 71, 72, 73, 74, 75, 76, 77, 78, 79]
E   [left]:  [0.0, 0.0, 0.0, 0.0, 0.0, 0.0, 0.0, 0.0, 0.0, 0.0, 0.0, 0.0, 0.0, 0.0, 0.0, 0.0, 0.0, 0.0, 0.0, 0.0, -0.01332704678628005, -0.013206332319026348, -0.012518813138632567, -0.011296351286340656, -0.009622849398327582, -0.007625676903966094, -0.005463434102484843, -0.0033099079409897314, -0.0013344417927257934, 0.00031981763389876683, 0.0015566659610464217, 0.002342228742052921, 0.0027107868814115754, 0.0027587366310681816, 0.0026274893179163428, 0.002479125145315786, 0.0024702039360959827, 0.002728764308485232, 0.0033377037196049564, 0.004325520564794516, 0.005663813872100354, 0.007270405074521369, 0.009017280019531282, 0.010743174657732779, 0.012270894734250803, 0.013428910536997352, 0.01407535485226119, 0.014120765149682746, 0.013544684620996783, 0.012401535126403518, 0.010813370233087483, 0.00895057269259203, 0.007004843901154967, 0.0051605219641597255, 0.0035698000967496757, 0.0023353506068730656, 0.0015013840959905433, 0.0010523666225905615, 0.0009179423185099456, 0.0009828682566876967, 0.001101366990869157, 0.001115580284802964, 0.0008773223220294168, 0.0002710646112180637, -0.0007654576876998664, -0.002227546910464673, -0.004040707662051002, -0.006070320520630723, -0.00814213878440273, -0.010068981006956967, -0.011677731167779148, -0.012831570810049042, -0.013444588744619956, -0.013488340900165707, -0.012991558231530309, -0.012034654189761684, -0.010740226730282743, -0.009259998012080217, -0.007758236593326084, -0.006392091107450204]
E   [right]: [0.0, 0.0, 0.0, 0.0, 0.0, 0.0, 0.0, 0.0, 0.0, 0.0, 0.0, 0.0, 0.0, 0.0, 0.0, 0.0, 0.0, 0.0, 0.0, 0.0, 0.0, 0.0, 0.0, 0.0, 0.0, 0.0, 0.0, 0.0, 0.0, 0.0, 0.0, 0.0, 0.0, 0.0, 0.0, 0.0, 0.0, 0.0, 0.0, 0.0, 0.0, 0.0, 0.0, 0.0, 0.0, 0.0, 0.0, 0.0, 0.0, 0.0, 0.0, 0.0, 0.0, 0.0, 0.0, -0.008865838079687327, -0.009266224655932964, -0.008779035913847544, -0.007509692088620179, -0.0056557438999383924, -0.0034844631414493454, -0.001302965721357463, 0.0005784545738976021, 0.0018874807461879417, 0.002430422682877964, 0.002124922184969069, 0.0010167387625166224, -0.000724889623635594, -0.0028337126191564366, -0.004989339033179219, -0.006867047208276356, -0.008184413776978872, -0.008737214054959974, -0.008421191475821543, -0.007239986159157885, -0.005301458141029225, -0.002804702266977266, -1.9019418776022867e-05, 0.0027448410639834275, 0.005170698723619638]
E   At positional index 20, first diff: -0.01332704678628005 != 0.0
_ test_range_and_datetime_index_representations_have_identical_cross_features __
tests/test_cross_asset_timestamp_alignment.py:77: in test_range_and_datetime_index_representations_have_identical_cross_features
    assert_frame_equal(cross(ranged), cross(indexed))
pandas/_libs/testing.pyx:53: in pandas._libs.testing.assert_almost_equal
    ???
pandas/_libs/testing.pyx:171: in pandas._libs.testing.assert_almost_equal
    ???
E   AssertionError: DataFrame.iloc[:, 0] (column name="rel_strength_spy") are different
E   
E   DataFrame.iloc[:, 0] (column name="rel_strength_spy") values are different (75.0 %)
E   [index]: [0, 1, 2, 3, 4, 5, 6, 7, 8, 9, 10, 11, 12, 13, 14, 15, 16, 17, 18, 19, 20, 21, 22, 23, 24, 25, 26, 27, 28, 29, 30, 31, 32, 33, 34, 35, 36, 37, 38, 39, 40, 41, 42, 43, 44, 45, 46, 47, 48, 49, 50, 51, 52, 53, 54, 55, 56, 57, 58, 59, 60, 61, 62, 63, 64, 65, 66, 67, 68, 69, 70, 71, 72, 73, 74, 75, 76, 77, 78, 79]
E   [left]:  [0.0, 0.0, 0.0, 0.0, 0.0, 0.0, 0.0, 0.0, 0.0, 0.0, 0.0, 0.0, 0.0, 0.0, 0.0, 0.0, 0.0, 0.0, 0.0, 0.0, -0.005688472247081355, -0.0062043935513751425, -0.005873201224365743, -0.004690736242748739, -0.00275937615421884, -0.00027572256664099015, 0.00249009982946391, 0.005223236685566235, 0.007600595449650638, 0.009332953744666916, 0.010207722265971997, 0.010124637403809311, 0.009115780426687259, 0.00734358318883177, 0.005075666848655569, 0.0026415685659906263, 0.0003809910649816839, -0.0014056915751692323, -0.002496334751496354, -0.0027712487578253064, -0.0022226427807865434, -0.0009514261701348836, 0.0008462232452708385, 0.002901048347655477, 0.0049011073490389245, 0.006529654954291697, 0.007508064757303368, 0.007638508656462761, 0.006838516318210086, 0.005158946215459315, 0.0027794763583672832, -1.8892014570948135e-05, -0.0028986428514810036, -0.00551786494506068, -0.007578948767668514, -0.008865838079687327, -0.009266224655932964, -0.008779035913847544, -0.007509692088620179, -0.0056557438999383924, -0.0034844631414493454, -0.001302965721357463, 0.0005784545738976021, 0.0018874807461879417, 0.002430422682877964, 0.002124922184969069, 0.0010167387625166224, -0.000724889623635594, -0.0028337126191564366, -0.004989339033179219, -0.006867047208276356, -0.008184413776978872, -0.008737214054959974, -0.008421191475821543, -0.007239986159157885, -0.005301458141029225, -0.002804702266977266, -1.9019418776022867e-05, 0.0027448410639834275, 0.005170698723619638]
E   [right]: [0.0, 0.0, 0.0, 0.0, 0.0, 0.0, 0.0, 0.0, 0.0, 0.0, 0.0, 0.0, 0.0, 0.0, 0.0, 0.0, 0.0, 0.0, 0.0, 0.0, 0.0009177366005539422, -0.001019591132620512, -0.003806083266503113, -0.00698746696618624, -0.010040632859970366, -0.012438877640814527, -0.013723759310607875, -0.013574469862377425, -0.011862417398923353, -0.008678540316080507, -0.0043250808777226535, 0.0007285756870196725, 0.0059175503246888805, 0.010665803628957082, 0.014466814888400625, 0.0169475885114172, 0.017909052089525312, 0.017341873030237154, 0.015420434236156022, 0.012478647541111942, 0.008970419469696678, 0.005416640056268296, 0.0023410854068083298, 0.00020019572592189228, -0.0006844638121235036, -0.00017909991039255502, 0.0016361780454574593, 0.004475981097551651, 0.00789327403854867, 0.011349641219184692, 0.01429766459212356, 0.016259512192893455, 0.01688918498667613, 0.016011839657152027, 0.013639353571789248, 0.009964775439465168, 0.005339062536633299, 0.0002325617064137253, -0.004817223903435641, -0.009269407732159007, -0.01265013297373152, -0.014620737354048119, -0.01503153824448522, -0.013948921025255911, -0.011647577240879059, -0.008567508613302799, -0.0052440713255867966, -0.002225500870018271, 6.204954388300266e-06, 0.00109841446493264, 0.000868220109092599, -0.0006810900868550185, -0.0033650839265122467, -0.00684153861657999, -0.0106496490139103, -0.014263366751057771, -0.01715635952039274, -0.018873292023259713, -0.019098201508811363, -0.017707674240799776]
E   At positional index 20, first diff: -0.005688472247081355 != 0.0009177366005539422
_ test_timestamp_column_is_authoritative_and_aware_datetime_index_is_fallback __
tests/test_cross_asset_timestamp_alignment.py:88: in test_timestamp_column_is_authoritative_and_aware_datetime_index_is_fallback
    assert_frame_equal(cross(actual), expected, check_exact=False, atol=1e-10, rtol=1e-10)
pandas/_libs/testing.pyx:53: in pandas._libs.testing.assert_almost_equal
    ???
pandas/_libs/testing.pyx:171: in pandas._libs.testing.assert_almost_equal
    ???
E   AssertionError: DataFrame.iloc[:, 0] (column name="rel_strength_spy") are different
E   
E   DataFrame.iloc[:, 0] (column name="rel_strength_spy") values are different (75.0 %)
E   [index]: [0, 1, 2, 3, 4, 5, 6, 7, 8, 9, 10, 11, 12, 13, 14, 15, 16, 17, 18, 19, 20, 21, 22, 23, 24, 25, 26, 27, 28, 29, 30, 31, 32, 33, 34, 35, 36, 37, 38, 39, 40, 41, 42, 43, 44, 45, 46, 47, 48, 49, 50, 51, 52, 53, 54, 55, 56, 57, 58, 59, 60, 61, 62, 63, 64, 65, 66, 67, 68, 69, 70, 71, 72, 73, 74, 75, 76, 77, 78, 79]
E   [left]:  [0.0, 0.0, 0.0, 0.0, 0.0, 0.0, 0.0, 0.0, 0.0, 0.0, 0.0, 0.0, 0.0, 0.0, 0.0, 0.0, 0.0, 0.0, 0.0, 0.0, 0.0, 0.0, 0.0, 0.0, 0.0, 0.0, 0.0, 0.0, 0.0, 0.0, 0.0, 0.0, 0.0, 0.0, 0.0, 0.0, 0.0, 0.0, 0.0, 0.0, 0.0, 0.0, 0.0, 0.0, 0.0, 0.0, 0.0, 0.0, 0.0, 0.0, 0.0, 0.0, 0.0, 0.0, 0.0, 0.0, 0.0, 0.0, 0.0, 0.0, 0.0, 0.0, 0.0, 0.0, 0.0, 0.0, 0.0, 0.0, 0.0, 0.0, 0.0, 0.0, 0.0, 0.0, 0.0, 0.0, 0.0, 0.0, 0.0, 0.0]
E   [right]: [0.0, 0.0, 0.0, 0.0, 0.0, 0.0, 0.0, 0.0, 0.0, 0.0, 0.0, 0.0, 0.0, 0.0, 0.0, 0.0, 0.0, 0.0, 0.0, 0.0, -0.005688472247081355, -0.0062043935513751425, -0.005873201224365743, -0.004690736242748739, -0.00275937615421884, -0.00027572256664099015, 0.00249009982946391, 0.005223236685566235, 0.007600595449650638, 0.009332953744666916, 0.010207722265971997, 0.010124637403809311, 0.009115780426687259, 0.00734358318883177, 0.005075666848655569, 0.0026415685659906263, 0.0003809910649816839, -0.0014056915751692323, -0.002496334751496354, -0.0027712487578253064, -0.0022226427807865434, -0.0009514261701348836, 0.0008462232452708385, 0.002901048347655477, 0.0049011073490389245, 0.006529654954291697, 0.007508064757303368, 0.007638508656462761, 0.006838516318210086, 0.005158946215459315, 0.0027794763583672832, -1.8892014570948135e-05, -0.0028986428514810036, -0.00551786494506068, -0.007578948767668514, -0.008865838079687327, -0.009266224655932964, -0.008779035913847544, -0.007509692088620179, -0.0056557438999383924, -0.0034844631414493454, -0.001302965721357463, 0.0005784545738976021, 0.0018874807461879417, 0.002430422682877964, 0.002124922184969069, 0.0010167387625166224, -0.000724889623635594, -0.0028337126191564366, -0.004989339033179219, -0.006867047208276356, -0.008184413776978872, -0.008737214054959974, -0.008421191475821543, -0.007239986159157885, -0.005301458141029225, -0.002804702266977266, -1.9019418776022867e-05, 0.0027448410639834275, 0.005170698723619638]
E   At positional index 20, first diff: 0.0 != -0.005688472247081355
_ test_future_benchmark_values_or_rows_cannot_change_prefix_values_or_validity _
tests/test_cross_asset_timestamp_alignment.py:111: in test_future_benchmark_values_or_rows_cannot_change_prefix_values_or_validity
    assert metadata(short)[name] == metadata(longer)[name][:60]
           ^^^^^^^^^^^^^^^
tests/test_cross_asset_timestamp_alignment.py:55: in metadata
    return frame.attrs['cross_asset_alignment']
           ^^^^^^^^^^^^^^^^^^^^^^^^^^^^^^^^^^^^
E   KeyError: 'cross_asset_alignment'
_ test_invalid_temporal_input_is_explicitly_unavailable_without_losing_stock_features[duplicate-stock] _
tests/test_cross_asset_timestamp_alignment.py:131: in test_invalid_temporal_input_is_explicitly_unavailable_without_losing_stock_features
    assert metadata(result)['status'] == 'unavailable'
           ^^^^^^^^^^^^^^^^
tests/test_cross_asset_timestamp_alignment.py:55: in metadata
    return frame.attrs['cross_asset_alignment']
           ^^^^^^^^^^^^^^^^^^^^^^^^^^^^^^^^^^^^
E   KeyError: 'cross_asset_alignment'
_ test_invalid_temporal_input_is_explicitly_unavailable_without_losing_stock_features[duplicate-spy] _
tests/test_cross_asset_timestamp_alignment.py:131: in test_invalid_temporal_input_is_explicitly_unavailable_without_losing_stock_features
    assert metadata(result)['status'] == 'unavailable'
           ^^^^^^^^^^^^^^^^
tests/test_cross_asset_timestamp_alignment.py:55: in metadata
    return frame.attrs['cross_asset_alignment']
           ^^^^^^^^^^^^^^^^^^^^^^^^^^^^^^^^^^^^
E   KeyError: 'cross_asset_alignment'
_ test_invalid_temporal_input_is_explicitly_unavailable_without_losing_stock_features[unsorted-stock] _
tests/test_cross_asset_timestamp_alignment.py:131: in test_invalid_temporal_input_is_explicitly_unavailable_without_losing_stock_features
    assert metadata(result)['status'] == 'unavailable'
           ^^^^^^^^^^^^^^^^
tests/test_cross_asset_timestamp_alignment.py:55: in metadata
    return frame.attrs['cross_asset_alignment']
           ^^^^^^^^^^^^^^^^^^^^^^^^^^^^^^^^^^^^
E   KeyError: 'cross_asset_alignment'
_ test_invalid_temporal_input_is_explicitly_unavailable_without_losing_stock_features[unsorted-spy] _
tests/test_cross_asset_timestamp_alignment.py:131: in test_invalid_temporal_input_is_explicitly_unavailable_without_losing_stock_features
    assert metadata(result)['status'] == 'unavailable'
           ^^^^^^^^^^^^^^^^
tests/test_cross_asset_timestamp_alignment.py:55: in metadata
    return frame.attrs['cross_asset_alignment']
           ^^^^^^^^^^^^^^^^^^^^^^^^^^^^^^^^^^^^
E   KeyError: 'cross_asset_alignment'
_ test_invalid_temporal_input_is_explicitly_unavailable_without_losing_stock_features[naive-stock] _
tests/test_cross_asset_timestamp_alignment.py:131: in test_invalid_temporal_input_is_explicitly_unavailable_without_losing_stock_features
    assert metadata(result)['status'] == 'unavailable'
           ^^^^^^^^^^^^^^^^
tests/test_cross_asset_timestamp_alignment.py:55: in metadata
    return frame.attrs['cross_asset_alignment']
           ^^^^^^^^^^^^^^^^^^^^^^^^^^^^^^^^^^^^
E   KeyError: 'cross_asset_alignment'
_ test_invalid_temporal_input_is_explicitly_unavailable_without_losing_stock_features[naive-spy] _
tests/test_cross_asset_timestamp_alignment.py:131: in test_invalid_temporal_input_is_explicitly_unavailable_without_losing_stock_features
    assert metadata(result)['status'] == 'unavailable'
           ^^^^^^^^^^^^^^^^
tests/test_cross_asset_timestamp_alignment.py:55: in metadata
    return frame.attrs['cross_asset_alignment']
           ^^^^^^^^^^^^^^^^^^^^^^^^^^^^^^^^^^^^
E   KeyError: 'cross_asset_alignment'
_ test_invalid_temporal_input_is_explicitly_unavailable_without_losing_stock_features[invalid-stock] _
tests/test_cross_asset_timestamp_alignment.py:128: in test_invalid_temporal_input_is_explicitly_unavailable_without_losing_stock_features
    result = compute_ml_features(stock, spy, bars_per_day=390)
             ^^^^^^^^^^^^^^^^^^^^^^^^^^^^^^^^^^^^^^^^^^^^^^^^^
backend/organism/ml_features.py:360: in compute_ml_features
    ts = pd.to_datetime(f["timestamp"])
         ^^^^^^^^^^^^^^^^^^^^^^^^^^^^^^
../../../../VS/intra/venv/lib/python3.12/site-packages/pandas/core/tools/datetimes.py:1040: in to_datetime
    values = convert_listlike(arg._values, format)
             ^^^^^^^^^^^^^^^^^^^^^^^^^^^^^^^^^^^^^
../../../../VS/intra/venv/lib/python3.12/site-packages/pandas/core/tools/datetimes.py:437: in _convert_listlike_datetimes
    result, tz_parsed = objects_to_datetime64(
../../../../VS/intra/venv/lib/python3.12/site-packages/pandas/core/arrays/datetimes.py:2623: in objects_to_datetime64
    result, tz_parsed = tslib.array_to_datetime(
pandas/_libs/tslib.pyx:259: in pandas._libs.tslib.array_to_datetime
    ???
pandas/_libs/tslib.pyx:473: in pandas._libs.tslib.array_to_datetime
    ???
pandas/_libs/tslib.pyx:430: in pandas._libs.tslib.array_to_datetime
    ???
pandas/_libs/tslibs/conversion.pyx:658: in pandas._libs.tslibs.conversion.convert_str_to_tsobject
    ???
pandas/_libs/tslibs/parsing.pyx:321: in pandas._libs.tslibs.parsing.parse_datetime_string
    ???
pandas/_libs/tslibs/parsing.pyx:652: in pandas._libs.tslibs.parsing.dateutil_parse
    ???
E   pandas._libs.tslibs.parsing.DateParseError: Unknown datetime string format, unable to parse: not-a-time
_ test_invalid_temporal_input_is_explicitly_unavailable_without_losing_stock_features[invalid-spy] _
tests/test_cross_asset_timestamp_alignment.py:131: in test_invalid_temporal_input_is_explicitly_unavailable_without_losing_stock_features
    assert metadata(result)['status'] == 'unavailable'
           ^^^^^^^^^^^^^^^^
tests/test_cross_asset_timestamp_alignment.py:55: in metadata
    return frame.attrs['cross_asset_alignment']
           ^^^^^^^^^^^^^^^^^^^^^^^^^^^^^^^^^^^^
E   KeyError: 'cross_asset_alignment'
_ test_invalid_temporal_input_is_explicitly_unavailable_without_losing_stock_features[numeric-stock] _
tests/test_cross_asset_timestamp_alignment.py:128: in test_invalid_temporal_input_is_explicitly_unavailable_without_losing_stock_features
    result = compute_ml_features(stock, spy, bars_per_day=390)
             ^^^^^^^^^^^^^^^^^^^^^^^^^^^^^^^^^^^^^^^^^^^^^^^^^
backend/organism/ml_features.py:360: in compute_ml_features
    ts = pd.to_datetime(f["timestamp"])
         ^^^^^^^^^^^^^^^^^^^^^^^^^^^^^^
../../../../VS/intra/venv/lib/python3.12/site-packages/pandas/core/tools/datetimes.py:1040: in to_datetime
    values = convert_listlike(arg._values, format)
             ^^^^^^^^^^^^^^^^^^^^^^^^^^^^^^^^^^^^^
../../../../VS/intra/venv/lib/python3.12/site-packages/pandas/core/tools/datetimes.py:437: in _convert_listlike_datetimes
    result, tz_parsed = objects_to_datetime64(
../../../../VS/intra/venv/lib/python3.12/site-packages/pandas/core/arrays/datetimes.py:2623: in objects_to_datetime64
    result, tz_parsed = tslib.array_to_datetime(
pandas/_libs/tslib.pyx:259: in pandas._libs.tslib.array_to_datetime
    ???
pandas/_libs/tslib.pyx:476: in pandas._libs.tslib.array_to_datetime
    ???
pandas/_libs/tslibs/strptime.pyx:344: in pandas._libs.tslibs.strptime.DatetimeParseState.check_for_mixed_inputs
    ???
E   ValueError: Mixed timezones detected. Pass utc=True in to_datetime or tz='UTC' in DatetimeIndex to convert to a common timezone.
_ test_invalid_temporal_input_is_explicitly_unavailable_without_losing_stock_features[numeric-spy] _
tests/test_cross_asset_timestamp_alignment.py:131: in test_invalid_temporal_input_is_explicitly_unavailable_without_losing_stock_features
    assert metadata(result)['status'] == 'unavailable'
           ^^^^^^^^^^^^^^^^
tests/test_cross_asset_timestamp_alignment.py:55: in metadata
    return frame.attrs['cross_asset_alignment']
           ^^^^^^^^^^^^^^^^^^^^^^^^^^^^^^^^^^^^
E   KeyError: 'cross_asset_alignment'
_ test_invalid_temporal_input_is_explicitly_unavailable_without_losing_stock_features[missing-stock] _
tests/test_cross_asset_timestamp_alignment.py:131: in test_invalid_temporal_input_is_explicitly_unavailable_without_losing_stock_features
    assert metadata(result)['status'] == 'unavailable'
           ^^^^^^^^^^^^^^^^
tests/test_cross_asset_timestamp_alignment.py:55: in metadata
    return frame.attrs['cross_asset_alignment']
           ^^^^^^^^^^^^^^^^^^^^^^^^^^^^^^^^^^^^
E   KeyError: 'cross_asset_alignment'
_ test_invalid_temporal_input_is_explicitly_unavailable_without_losing_stock_features[missing-spy] _
tests/test_cross_asset_timestamp_alignment.py:131: in test_invalid_temporal_input_is_explicitly_unavailable_without_losing_stock_features
    assert metadata(result)['status'] == 'unavailable'
           ^^^^^^^^^^^^^^^^
tests/test_cross_asset_timestamp_alignment.py:55: in metadata
    return frame.attrs['cross_asset_alignment']
           ^^^^^^^^^^^^^^^^^^^^^^^^^^^^^^^^^^^^
E   KeyError: 'cross_asset_alignment'
___ test_no_prior_benchmark_is_neutral_and_short_history_is_marked_not_valid ___
tests/test_cross_asset_timestamp_alignment.py:143: in test_no_prior_benchmark_is_neutral_and_short_history_is_marked_not_valid
    assert metadata(result)['status'] == 'unavailable'
           ^^^^^^^^^^^^^^^^
tests/test_cross_asset_timestamp_alignment.py:55: in metadata
    return frame.attrs['cross_asset_alignment']
           ^^^^^^^^^^^^^^^^^^^^^^^^^^^^^^^^^^^^
E   KeyError: 'cross_asset_alignment'
_____ test_sparse_past_only_coverage_is_reported_without_new_age_tolerance _____
tests/test_cross_asset_timestamp_alignment.py:154: in test_sparse_past_only_coverage_is_reported_without_new_age_tolerance
    assert metadata(result)['matched'] == [True]*60
           ^^^^^^^^^^^^^^^^
tests/test_cross_asset_timestamp_alignment.py:55: in metadata
    return frame.attrs['cross_asset_alignment']
           ^^^^^^^^^^^^^^^^^^^^^^^^^^^^^^^^^^^^
E   KeyError: 'cross_asset_alignment'
=========================== short test summary info ============================
FAILED tests/test_cross_asset_timestamp_alignment.py::test_provider_range_index_matches_explicit_timestamp_oracle[tail]
FAILED tests/test_cross_asset_timestamp_alignment.py::test_provider_range_index_matches_explicit_timestamp_oracle[gaps]
FAILED tests/test_cross_asset_timestamp_alignment.py::test_provider_range_index_matches_explicit_timestamp_oracle[short_spy]
FAILED tests/test_cross_asset_timestamp_alignment.py::test_provider_range_index_matches_explicit_timestamp_oracle[leading_uncovered]
FAILED tests/test_cross_asset_timestamp_alignment.py::test_range_and_datetime_index_representations_have_identical_cross_features
FAILED tests/test_cross_asset_timestamp_alignment.py::test_timestamp_column_is_authoritative_and_aware_datetime_index_is_fallback
FAILED tests/test_cross_asset_timestamp_alignment.py::test_future_benchmark_values_or_rows_cannot_change_prefix_values_or_validity
FAILED tests/test_cross_asset_timestamp_alignment.py::test_invalid_temporal_input_is_explicitly_unavailable_without_losing_stock_features[duplicate-stock]
FAILED tests/test_cross_asset_timestamp_alignment.py::test_invalid_temporal_input_is_explicitly_unavailable_without_losing_stock_features[duplicate-spy]
FAILED tests/test_cross_asset_timestamp_alignment.py::test_invalid_temporal_input_is_explicitly_unavailable_without_losing_stock_features[unsorted-stock]
FAILED tests/test_cross_asset_timestamp_alignment.py::test_invalid_temporal_input_is_explicitly_unavailable_without_losing_stock_features[unsorted-spy]
FAILED tests/test_cross_asset_timestamp_alignment.py::test_invalid_temporal_input_is_explicitly_unavailable_without_losing_stock_features[naive-stock]
FAILED tests/test_cross_asset_timestamp_alignment.py::test_invalid_temporal_input_is_explicitly_unavailable_without_losing_stock_features[naive-spy]
FAILED tests/test_cross_asset_timestamp_alignment.py::test_invalid_temporal_input_is_explicitly_unavailable_without_losing_stock_features[invalid-stock]
FAILED tests/test_cross_asset_timestamp_alignment.py::test_invalid_temporal_input_is_explicitly_unavailable_without_losing_stock_features[invalid-spy]
FAILED tests/test_cross_asset_timestamp_alignment.py::test_invalid_temporal_input_is_explicitly_unavailable_without_losing_stock_features[numeric-stock]
FAILED tests/test_cross_asset_timestamp_alignment.py::test_invalid_temporal_input_is_explicitly_unavailable_without_losing_stock_features[numeric-spy]
FAILED tests/test_cross_asset_timestamp_alignment.py::test_invalid_temporal_input_is_explicitly_unavailable_without_losing_stock_features[missing-stock]
FAILED tests/test_cross_asset_timestamp_alignment.py::test_invalid_temporal_input_is_explicitly_unavailable_without_losing_stock_features[missing-spy]
FAILED tests/test_cross_asset_timestamp_alignment.py::test_no_prior_benchmark_is_neutral_and_short_history_is_marked_not_valid
FAILED tests/test_cross_asset_timestamp_alignment.py::test_sparse_past_only_coverage_is_reported_without_new_age_tolerance
21 failed, 1 passed in 1.56s
