/Users/marselkei/VS/intra/venv/lib/python3.12/site-packages/_hypothesis_pytestplugin.py:481: UserWarning: Skipping collection of '.hypothesis' directory - this usually means you've explicitly set the `norecursedirs` pytest config option, replacing rather than extending the default ignores.
  warnings.warn(
.sssssssssssssssssssssssssssssssssssssssssssssssssssssssssssssssssssssss [  0%]
ssssssssssssssssssssssssssssssssssssssssssssssssssssssssssssssssssssss.. [  1%]
....................................ss.................................. [  2%]
........................................................................ [  3%]
........................................s............................... [  4%]
...........................................F...FFF.FFFFF................ [  4%]
..................................F....FFFF.........FFF................. [  5%]
.......F.......FFFFF.....F.F............................................ [  6%]
..............................................................F.F....... [  7%]
......FF..FFFFFF........................................................ [  8%]
........................................................................ [  9%]
.......................................................F................ [  9%]
....FFFFFFFFFFFFFFFF.FFFF............................................... [ 10%]
..........ss............................................................ [ 11%]
........................................................................ [ 12%]
........................................................................ [ 13%]
........................................................................ [ 13%]
........................................................................ [ 14%]
........................................................................ [ 15%]
........................................................................ [ 16%]
........................................................................ [ 17%]
...............ssssss................................................... [ 18%]
........................................................................ [ 18%]
........................................................................ [ 19%]
........................................................................ [ 20%]
........................................................................ [ 21%]
.....................................FF................................. [ 22%]
........................................................................ [ 22%]
........................................................................ [ 23%]
........................................................................ [ 24%]
........................................................................ [ 25%]
.........................................sssssssssssssssssssssssssssssss [ 26%]
sssss................................................................... [ 27%]
........................................................................ [ 27%]
...........ssssssss..................................................... [ 28%]
..............ssssssss.................................................. [ 29%]
.................................s...................................... [ 30%]
........................F.F............................................. [ 31%]
...........s............................................................ [ 31%]
........................................................................ [ 32%]
...............FFF...................................................... [ 33%]
........................................................................ [ 34%]
........................................................................ [ 35%]
.................................................F...................sss [ 36%]
ss...................................................................... [ 36%]
FF.........